[dev-2014drupalcampcoloradoorg.pantheonsite.io/index.html]
[backblue.gif]
[fade.gif]
[index.html]
[dev-2014drupalcampcoloradoorg.pantheonsite.io/content/august-1–3.html]
[dev-2014drupalcampcoloradoorg.pantheonsite.io/node/1.html]
[dev-2014drupalcampcoloradoorg.pantheonsite.io/misc/favicon.ico]
[dev-2014drupalcampcoloradoorg.pantheonsite.io/sites/default/files/css/css_kQSb3gK1tqNJQsKqjHiBn9Cpqx-pnV3T75-NZ2k-oRU.css]
[dev-2014drupalcampcoloradoorg.pantheonsite.io/sites/default/files/css/css_uuKWK5eIW8FkECgU40m9_uzpvV2QxUGq4F1gXxHNv3A.css]
[dev-2014drupalcampcoloradoorg.pantheonsite.io/sites/default/files/css/css_mhxvAfodZAx-uge6aYoMI2PgPUKUPvfE8t7kCHbmP5E.css]
[dev-2014drupalcampcoloradoorg.pantheonsite.io/sites/default/files/js/js_WkOMkSyjg9rxsesVK2mUAVX_dhZTWbIE6jpIzuL-ygM.js]
[dev-2014drupalcampcoloradoorg.pantheonsite.io/sites/default/files/js/js_gPqjYq7fqdMzw8-29XWQIVoDSWTmZCGy9OqaHppNxuQ.js]
[dev-2014drupalcampcoloradoorg.pantheonsite.io/sites/default/files/googleanalytics/analytics1f70.js]
[dev-2014drupalcampcoloradoorg.pantheonsite.io/sites/default/files/js/js_lteykq3H8NlwdU0k7vJGEnYWEs1GJYkfuFgzghzX274.js]
[dev-2014drupalcampcoloradoorg.pantheonsite.io/sites/default/files/js/js_Y7324RaD5Jtowot7oHx96wjbajEznMITc-3gBYnEM1w.js]
[dev-2014drupalcampcoloradoorg.pantheonsite.io/user/login29b8.html]
[dev-2014drupalcampcoloradoorg.pantheonsite.io/feedback.html]
[dev-2014drupalcampcoloradoorg.pantheonsite.io/content/drupalcamp-colorado-code-conduct-dccococ.html]
[dev-2014drupalcampcoloradoorg.pantheonsite.io/register.html]
[dev-2014drupalcampcoloradoorg.pantheonsite.io/session-schedule.html]
[dev-2014drupalcampcoloradoorg.pantheonsite.io/sponsors.html]
[dev-2014drupalcampcoloradoorg.pantheonsite.io/travel.html]
[dev-2014drupalcampcoloradoorg.pantheonsite.io/latest-news.html]
[dev-2014drupalcampcoloradoorg.pantheonsite.io/profiles/dcco/themes/dcco2014/img/logo-dcco-white.png]
[dev-2014drupalcampcoloradoorg.pantheonsite.io/sites/default/files/styles/promo/public/promos/slide-1fc6c.jpg]
[dev-2014drupalcampcoloradoorg.pantheonsite.io/content/ken-rickard-our-second-keynote.html]
[dev-2014drupalcampcoloradoorg.pantheonsite.io/sites/default/files/styles/promo/public/promos/ken2edb4.jpg]
[dev-2014drupalcampcoloradoorg.pantheonsite.io/node/25.html]
[dev-2014drupalcampcoloradoorg.pantheonsite.io/sites/default/files/styles/promo/public/promos/meyers-large6544.jpg]
[dev-2014drupalcampcoloradoorg.pantheonsite.io/content/saturday-night-party.html]
[dev-2014drupalcampcoloradoorg.pantheonsite.io/sponsor/aten-design-group.html]
[dev-2014drupalcampcoloradoorg.pantheonsite.io/sites/default/files/styles/medium/public/Aten-Horizontal_00ac0.png]
[dev-2014drupalcampcoloradoorg.pantheonsite.io/sponsor/acquia.html]
[dev-2014drupalcampcoloradoorg.pantheonsite.io/sites/default/files/styles/medium/public/acquia_08a1a.png]
[dev-2014drupalcampcoloradoorg.pantheonsite.io/sponsor/newmedia-denver.html]
[dev-2014drupalcampcoloradoorg.pantheonsite.io/sites/default/files/styles/medium/public/newmedia-NM-1340x706px426b.png]
[dev-2014drupalcampcoloradoorg.pantheonsite.io/sponsor/monarch-digital.html]
[dev-2014drupalcampcoloradoorg.pantheonsite.io/sites/default/files/styles/medium/public/monarch-logo-text-200w-80hddb0.png]
[dev-2014drupalcampcoloradoorg.pantheonsite.io/sponsor/chronos-interactive.html]
[dev-2014drupalcampcoloradoorg.pantheonsite.io/sites/default/files/styles/medium/public/CI_Logo_72dpi_200x80_0e59d.png]
[dev-2014drupalcampcoloradoorg.pantheonsite.io/sponsor/cardcom.html]
[dev-2014drupalcampcoloradoorg.pantheonsite.io/sites/default/files/styles/medium/public/cardLogo-vertical-rgbb2b8.png]
[dev-2014drupalcampcoloradoorg.pantheonsite.io/sponsor/lingotek.html]
[dev-2014drupalcampcoloradoorg.pantheonsite.io/sites/default/files/styles/medium/public/Lingotek_logo_stacked1b1d6.png]
[dev-2014drupalcampcoloradoorg.pantheonsite.io/sponsor/elevated-third.html]
[dev-2014drupalcampcoloradoorg.pantheonsite.io/sites/default/files/styles/medium/public/elevated_third-logo_0f610.png]
[dev-2014drupalcampcoloradoorg.pantheonsite.io/sponsor/opsbot.html]
[dev-2014drupalcampcoloradoorg.pantheonsite.io/sites/default/files/styles/medium/public/OpsBot_Logo_4_DCCO1876.png]
[dev-2014drupalcampcoloradoorg.pantheonsite.io/sessions.html]
[dev-2014drupalcampcoloradoorg.pantheonsite.io/all-user-profiles.html]
[dev-2014drupalcampcoloradoorg.pantheonsite.io/contact.html]
[dev-2014drupalcampcoloradoorg.pantheonsite.io/content/drupalcamp-colorado-trainings.html]
[dev-2014drupalcampcoloradoorg.pantheonsite.io/content/volunteers.html]
[dev-2014drupalcampcoloradoorg.pantheonsite.io/index.html]
[dev-2014drupalcampcoloradoorg.pantheonsite.io/content/august-1–3.html]
[dev-2014drupalcampcoloradoorg.pantheonsite.io/node/1.html]
[dev-2014drupalcampcoloradoorg.pantheonsite.io/sites/default/files/css/css_kQSb3gK1tqNJQsKqjHiBn9Cpqx-pnV3T75-NZ2k-oRU.css]
[dev-2014drupalcampcoloradoorg.pantheonsite.io/sites/default/files/css/css_uuKWK5eIW8FkECgU40m9_uzpvV2QxUGq4F1gXxHNv3A.css]
[dev-2014drupalcampcoloradoorg.pantheonsite.io/misc/throbber.gif]
[dev-2014drupalcampcoloradoorg.pantheonsite.io/misc/grippie.png]
[dev-2014drupalcampcoloradoorg.pantheonsite.io/misc/draggable.png]
[dev-2014drupalcampcoloradoorg.pantheonsite.io/misc/tree.png]
[dev-2014drupalcampcoloradoorg.pantheonsite.io/misc/tree-bottom.png]
[dev-2014drupalcampcoloradoorg.pantheonsite.io/misc/help.png]
[dev-2014drupalcampcoloradoorg.pantheonsite.io/misc/menu-expanded.png]
[dev-2014drupalcampcoloradoorg.pantheonsite.io/misc/menu-collapsed.png]
[dev-2014drupalcampcoloradoorg.pantheonsite.io/misc/progress.gif]
[dev-2014drupalcampcoloradoorg.pantheonsite.io/profiles/dcco/themes/dcco2014/js/vendor/slick/ajax-loader.gif]
[dev-2014drupalcampcoloradoorg.pantheonsite.io/profiles/dcco/themes/dcco2014/js/vendor/slick/fonts/slick.eot]
[dev-2014drupalcampcoloradoorg.pantheonsite.io/profiles/dcco/themes/dcco2014/js/vendor/slick/fonts/slickd41d.eot]
[dev-2014drupalcampcoloradoorg.pantheonsite.io/profiles/dcco/themes/dcco2014/js/vendor/slick/fonts/slick.woff]
[dev-2014drupalcampcoloradoorg.pantheonsite.io/profiles/dcco/themes/dcco2014/js/vendor/slick/fonts/slick.ttf]
[dev-2014drupalcampcoloradoorg.pantheonsite.io/profiles/dcco/themes/dcco2014/js/vendor/slick/fonts/slick.svg]
[dev-2014drupalcampcoloradoorg.pantheonsite.io/profiles/dcco/themes/dcco2014/img/icon-s0d0719499c.png]
[dev-2014drupalcampcoloradoorg.pantheonsite.io/profiles/dcco/themes/dcco2014/icons/DCCO-Icons.eot]
[dev-2014drupalcampcoloradoorg.pantheonsite.io/profiles/dcco/themes/dcco2014/icons/DCCO-Iconsd41d.eot]
[dev-2014drupalcampcoloradoorg.pantheonsite.io/profiles/dcco/themes/dcco2014/icons/DCCO-Icons872c.woff]
[dev-2014drupalcampcoloradoorg.pantheonsite.io/profiles/dcco/themes/dcco2014/icons/DCCO-Icons872c.ttf]
[dev-2014drupalcampcoloradoorg.pantheonsite.io/profiles/dcco/themes/dcco2014/icons/DCCO-Icons872c.svg]
[dev-2014drupalcampcoloradoorg.pantheonsite.io/profiles/dcco/themes/dcco2014/polyfills/boxsizing.htc]
[dev-2014drupalcampcoloradoorg.pantheonsite.io/profiles/dcco/themes/dcco2014/img/splash/background-splash607d.jpg]
[dev-2014drupalcampcoloradoorg.pantheonsite.io/sites/default/files/css/css_mhxvAfodZAx-uge6aYoMI2PgPUKUPvfE8t7kCHbmP5E.css]
[dev-2014drupalcampcoloradoorg.pantheonsite.io/sites/default/files/css/css_47DEQpj8HBSa-_TImW-5JCeuQeRkm5NMpJWZG3hSuFU.css]
[dev-2014drupalcampcoloradoorg.pantheonsite.io/sites/default/files/js/js_WkOMkSyjg9rxsesVK2mUAVX_dhZTWbIE6jpIzuL-ygM.js]
[dev-2014drupalcampcoloradoorg.pantheonsite.io/has_js=1; path=/index.html]
[dev-2014drupalcampcoloradoorg.pantheonsite.io/sites/default/files/js/js_gPqjYq7fqdMzw8-29XWQIVoDSWTmZCGy9OqaHppNxuQ.js]
[dev-2014drupalcampcoloradoorg.pantheonsite.io/POST.49.delayed]
[dev-2014drupalcampcoloradoorg.pantheonsite.io/gtm.js]
[dev-2014drupalcampcoloradoorg.pantheonsite.io/sites/default/files/googleanalytics/analytics1f70.js]
[dev-2014drupalcampcoloradoorg.pantheonsite.io/plugins/index.html]
[dev-2014drupalcampcoloradoorg.pantheonsite.io/sites/default/files/js/js_lteykq3H8NlwdU0k7vJGEnYWEs1GJYkfuFgzghzX274.js]
[dev-2014drupalcampcoloradoorg.pantheonsite.io/sites/default/files/js/js_Y7324RaD5Jtowot7oHx96wjbajEznMITc-3gBYnEM1w.js]
[dev-2014drupalcampcoloradoorg.pantheonsite.io/user/loginb53e.html]
[dev-2014drupalcampcoloradoorg.pantheonsite.io/user.html]
[dev-2014drupalcampcoloradoorg.pantheonsite.io/user/password.html]
[dev-2014drupalcampcoloradoorg.pantheonsite.io/user/login29b8.html]
[dev-2014drupalcampcoloradoorg.pantheonsite.io/node/134.html]
[dev-2014drupalcampcoloradoorg.pantheonsite.io/user/login9dd8.html]
[dev-2014drupalcampcoloradoorg.pantheonsite.io/user/login6be6.html]
[dev-2014drupalcampcoloradoorg.pantheonsite.io/feedback.html]
[dev-2014drupalcampcoloradoorg.pantheonsite.io/node/2.html]
[dev-2014drupalcampcoloradoorg.pantheonsite.io/user/login80f7.html]
[dev-2014drupalcampcoloradoorg.pantheonsite.io/content/drupalcamp-colorado-code-conduct-dccococ.html]
[dev-2014drupalcampcoloradoorg.pantheonsite.io/sites/default/files/js/js_nEiSXFuBLa6_IZe1K10-yRR23daAKcypdijcXlxKVSM.js]
[dev-2014drupalcampcoloradoorg.pantheonsite.io/register.html]
[dev-2014drupalcampcoloradoorg.pantheonsite.io/user/login814b.html]
[dev-2014drupalcampcoloradoorg.pantheonsite.io/sites/default/files/js/js_Y6fR77r_iPqfWjuqBwIZc7f-0TwzcJP34VWW9hHcreU.js]
[dev-2014drupalcampcoloradoorg.pantheonsite.io/sites/default/files/js/js_EtM2ZSaOlnKtd5a6E3qBSlwdCwxxXb4VxwSbL9GO0S8.js]
[dev-2014drupalcampcoloradoorg.pantheonsite.io/user/login153a.html]
[dev-2014drupalcampcoloradoorg.pantheonsite.io/training/beginners-guide-d...html]
[dev-2014drupalcampcoloradoorg.pantheonsite.io/training/buildamodule-ment...html]
[dev-2014drupalcampcoloradoorg.pantheonsite.io/session/saturday-morning-check.html]
[dev-2014drupalcampcoloradoorg.pantheonsite.io/session/intro-and-welcome.html]
[dev-2014drupalcampcoloradoorg.pantheonsite.io/session/michael-meyers-keynote.html]
[dev-2014drupalcampcoloradoorg.pantheonsite.io/session/group-photograph.html]
[dev-2014drupalcampcoloradoorg.pantheonsite.io/taxonomy/term/6.html]
[dev-2014drupalcampcoloradoorg.pantheonsite.io/taxonomy/term/11.html]
[dev-2014drupalcampcoloradoorg.pantheonsite.io/session/devops-101-culture-and-tools.html]
[dev-2014drupalcampcoloradoorg.pantheonsite.io/taxonomy/term/10.html]
[dev-2014drupalcampcoloradoorg.pantheonsite.io/session/make-your-front-end-workflow-scalable-and-efficient.html]
[dev-2014drupalcampcoloradoorg.pantheonsite.io/taxonomy/term/7.html]
[dev-2014drupalcampcoloradoorg.pantheonsite.io/taxonomy/term/12.html]
[dev-2014drupalcampcoloradoorg.pantheonsite.io/session/solution-architecture-designing-strategy-project-success.html]
[dev-2014drupalcampcoloradoorg.pantheonsite.io/taxonomy/term/8.html]
[dev-2014drupalcampcoloradoorg.pantheonsite.io/session/collaborative-content-management-migrate.html]
[dev-2014drupalcampcoloradoorg.pantheonsite.io/session/building-scalable-private-vmware-based-drupal-cloud.html]
[dev-2014drupalcampcoloradoorg.pantheonsite.io/session/lean-drupal-markup.html]
[dev-2014drupalcampcoloradoorg.pantheonsite.io/session/open-source-isnt-just-good-its-good-business.html]
[dev-2014drupalcampcoloradoorg.pantheonsite.io/session/lunch.html]
[dev-2014drupalcampcoloradoorg.pantheonsite.io/session/absolute-beginners-guide-views.html]
[dev-2014drupalcampcoloradoorg.pantheonsite.io/session/intro-frontend-ops.html]
[dev-2014drupalcampcoloradoorg.pantheonsite.io/session/securing-customer-credit-card-data.html]
[dev-2014drupalcampcoloradoorg.pantheonsite.io/taxonomy/term/9.html]
[dev-2014drupalcampcoloradoorg.pantheonsite.io/session/chatops-makes-awesome-teams.html]
[dev-2014drupalcampcoloradoorg.pantheonsite.io/session/drupal-8-drupalistas.html]
[dev-2014drupalcampcoloradoorg.pantheonsite.io/session/scssy-wild-west-partial-organization-complete-site.html]
[dev-2014drupalcampcoloradoorg.pantheonsite.io/session/data-analytics-and-day-after.html]
[dev-2014drupalcampcoloradoorg.pantheonsite.io/session/integration-testing-kitchenci-multiple-provisioners.html]
[dev-2014drupalcampcoloradoorg.pantheonsite.io/session/increasing-business-value-drupal-upgrades.html]
[dev-2014drupalcampcoloradoorg.pantheonsite.io/session/jenkins-101-drupal-perspective.html]
[dev-2014drupalcampcoloradoorg.pantheonsite.io/taxonomy/term/13.html]
[dev-2014drupalcampcoloradoorg.pantheonsite.io/session/getting-sass-y-foundation.html]
[dev-2014drupalcampcoloradoorg.pantheonsite.io/session/saturday-night-party-sponsored-aten-design-group.html]
[dev-2014drupalcampcoloradoorg.pantheonsite.io/session/sunday-morning-registration.html]
[dev-2014drupalcampcoloradoorg.pantheonsite.io/session/ken-rickards-keynote-enterprise-drupal.html]
[dev-2014drupalcampcoloradoorg.pantheonsite.io/session/lets-break-drupal-security-hackers-perspective.html]
[dev-2014drupalcampcoloradoorg.pantheonsite.io/session/continuous-integration-pantheon.html]
[dev-2014drupalcampcoloradoorg.pantheonsite.io/session/drupal-8-plugin-deep-dive.html]
[dev-2014drupalcampcoloradoorg.pantheonsite.io/session/what-you-want-out-box-introduction-panopoly-and-drupal-distributions.html]
[dev-2014drupalcampcoloradoorg.pantheonsite.io/session/lunch-0.html]
[dev-2014drupalcampcoloradoorg.pantheonsite.io/session/keeping-it-simple-overview-static-code-analysis.html]
[dev-2014drupalcampcoloradoorg.pantheonsite.io/session/drupal-7-form-api-javascript-ajax-and-html5.html]
[dev-2014drupalcampcoloradoorg.pantheonsite.io/session/closing-session.html]
[dev-2014drupalcampcoloradoorg.pantheonsite.io/session/camp-retrospective.html]
[dev-2014drupalcampcoloradoorg.pantheonsite.io/session-schedule.html]
[dev-2014drupalcampcoloradoorg.pantheonsite.io/user/login491c.html]
[dev-2014drupalcampcoloradoorg.pantheonsite.io/sponsorships.html]
[dev-2014drupalcampcoloradoorg.pantheonsite.io/content/individual-sponsorship.html]
[dev-2014drupalcampcoloradoorg.pantheonsite.io/sponsor/601am.html]
[dev-2014drupalcampcoloradoorg.pantheonsite.io/sites/default/files/styles/medium/public/601am-drupalcamp4658.png]
[dev-2014drupalcampcoloradoorg.pantheonsite.io/sponsor/blackmesh.html]
[dev-2014drupalcampcoloradoorg.pantheonsite.io/sites/default/files/styles/medium/public/BMLogo DrupalCamp9c5a.png]
[dev-2014drupalcampcoloradoorg.pantheonsite.io/sponsor/chapter-three.html]
[dev-2014drupalcampcoloradoorg.pantheonsite.io/sites/default/files/styles/medium/public/ChapterThreeaa82.jpg]
[dev-2014drupalcampcoloradoorg.pantheonsite.io/sponsor/commerce-guys.html]
[dev-2014drupalcampcoloradoorg.pantheonsite.io/sites/default/files/styles/medium/public/platform-from-commerceguys-logo200x80b3a2.png]
[dev-2014drupalcampcoloradoorg.pantheonsite.io/sponsor/internetdevels.html]
[dev-2014drupalcampcoloradoorg.pantheonsite.io/sites/default/files/styles/medium/public/InternetDevels_Logo_Colour3bf7.png]
[dev-2014drupalcampcoloradoorg.pantheonsite.io/sponsor/miles-partnership.html]
[dev-2014drupalcampcoloradoorg.pantheonsite.io/sites/default/files/styles/medium/public/logo (1)fd3c.png]
[dev-2014drupalcampcoloradoorg.pantheonsite.io/sponsor/open-media-foundation.html]
[dev-2014drupalcampcoloradoorg.pantheonsite.io/sites/default/files/styles/medium/public/omf-logo-horiz-rgb_07684.png]
[dev-2014drupalcampcoloradoorg.pantheonsite.io/sponsor/ostraining.html]
[dev-2014drupalcampcoloradoorg.pantheonsite.io/sites/default/files/styles/medium/public/ostraining_logo_424x868d91.png]
[dev-2014drupalcampcoloradoorg.pantheonsite.io/sponsor/oxbow-labs.html]
[dev-2014drupalcampcoloradoorg.pantheonsite.io/sites/default/files/styles/medium/public/Oxbow-Labs-Logo-200623d.png]
[dev-2014drupalcampcoloradoorg.pantheonsite.io/sponsor/pantheon.html]
[dev-2014drupalcampcoloradoorg.pantheonsite.io/sites/default/files/styles/medium/public/Pantheon Fist Banner03ab.png]
[dev-2014drupalcampcoloradoorg.pantheonsite.io/sponsor/straight-north.html]
[dev-2014drupalcampcoloradoorg.pantheonsite.io/sites/default/files/styles/medium/public/logo-large1110.jpg]
[dev-2014drupalcampcoloradoorg.pantheonsite.io/sponsor/webenabled.html]
[dev-2014drupalcampcoloradoorg.pantheonsite.io/sites/default/files/styles/medium/public/logo_transparent8725.png]
[dev-2014drupalcampcoloradoorg.pantheonsite.io/sponsor/zivtech.html]
[dev-2014drupalcampcoloradoorg.pantheonsite.io/sites/default/files/styles/medium/public/zivtech-logo1536.jpg]
[dev-2014drupalcampcoloradoorg.pantheonsite.io/sponsors.html]
[dev-2014drupalcampcoloradoorg.pantheonsite.io/node/6.html]
[dev-2014drupalcampcoloradoorg.pantheonsite.io/user/login8d25.html]
[dev-2014drupalcampcoloradoorg.pantheonsite.io/travel.html]
[dev-2014drupalcampcoloradoorg.pantheonsite.io/user/login1266.html]
[dev-2014drupalcampcoloradoorg.pantheonsite.io/content/michael-meyers-keynotes.html]
[dev-2014drupalcampcoloradoorg.pantheonsite.io/content/drupalcamp-colorado.html]
[dev-2014drupalcampcoloradoorg.pantheonsite.io/latest-news.html]
[dev-2014drupalcampcoloradoorg.pantheonsite.io/node/35.html]
[dev-2014drupalcampcoloradoorg.pantheonsite.io/user/loginc82d.html]
[dev-2014drupalcampcoloradoorg.pantheonsite.io/sites/default/files/styles/large/public/field/image/ken23f0b.jpg]
[dev-2014drupalcampcoloradoorg.pantheonsite.io/taxonomy/term/28.html]
[dev-2014drupalcampcoloradoorg.pantheonsite.io/tags/large-scale-drupal.html]
[dev-2014drupalcampcoloradoorg.pantheonsite.io/user/login01c6.html]
[dev-2014drupalcampcoloradoorg.pantheonsite.io/content/ken-rickard-our-second-keynote.html]
[dev-2014drupalcampcoloradoorg.pantheonsite.io/user/loginf9a8.html]
[dev-2014drupalcampcoloradoorg.pantheonsite.io/sites/default/files/styles/large/public/field/image/meyers-largebde2.jpg]
[dev-2014drupalcampcoloradoorg.pantheonsite.io/taxonomy/term/29.html]
[dev-2014drupalcampcoloradoorg.pantheonsite.io/taxonomy/term/30.html]
[dev-2014drupalcampcoloradoorg.pantheonsite.io/user/login87a7.html]
[dev-2014drupalcampcoloradoorg.pantheonsite.io/node/25.html]
[dev-2014drupalcampcoloradoorg.pantheonsite.io/node/106.html]
[dev-2014drupalcampcoloradoorg.pantheonsite.io/user/login7d1f.html]
[dev-2014drupalcampcoloradoorg.pantheonsite.io/sites/default/files/styles/large/public/field/image/DrupalCamp2014-map-02b_2af71.png]
[dev-2014drupalcampcoloradoorg.pantheonsite.io/user/login422a.html]
[dev-2014drupalcampcoloradoorg.pantheonsite.io/content/saturday-night-party.html]
[dev-2014drupalcampcoloradoorg.pantheonsite.io/node/7.html]
[dev-2014drupalcampcoloradoorg.pantheonsite.io/user/login805f.html]
[dev-2014drupalcampcoloradoorg.pantheonsite.io/user/login35cd.html]
[dev-2014drupalcampcoloradoorg.pantheonsite.io/sponsor/aten-design-group.html]
[dev-2014drupalcampcoloradoorg.pantheonsite.io/node/8.html]
[dev-2014drupalcampcoloradoorg.pantheonsite.io/user/login0275.html]
[dev-2014drupalcampcoloradoorg.pantheonsite.io/user/login373c.html]
[dev-2014drupalcampcoloradoorg.pantheonsite.io/sponsor/acquia.html]
[dev-2014drupalcampcoloradoorg.pantheonsite.io/node/9.html]
[dev-2014drupalcampcoloradoorg.pantheonsite.io/user/loginfd26.html]
[dev-2014drupalcampcoloradoorg.pantheonsite.io/user/loginf85c.html]
[dev-2014drupalcampcoloradoorg.pantheonsite.io/sponsor/newmedia-denver.html]
[dev-2014drupalcampcoloradoorg.pantheonsite.io/node/38.html]
[dev-2014drupalcampcoloradoorg.pantheonsite.io/user/login13a2.html]
[dev-2014drupalcampcoloradoorg.pantheonsite.io/sponsor/monarch-digital.html]
[dev-2014drupalcampcoloradoorg.pantheonsite.io/node/39.html]
[dev-2014drupalcampcoloradoorg.pantheonsite.io/user/login22ce.html]
[dev-2014drupalcampcoloradoorg.pantheonsite.io/sponsor/chronos-interactive.html]
[dev-2014drupalcampcoloradoorg.pantheonsite.io/node/84.html]
[dev-2014drupalcampcoloradoorg.pantheonsite.io/user/login9b81.html]
[dev-2014drupalcampcoloradoorg.pantheonsite.io/sponsor/cardcom.html]
[dev-2014drupalcampcoloradoorg.pantheonsite.io/node/85.html]
[dev-2014drupalcampcoloradoorg.pantheonsite.io/user/loginb103.html]
[dev-2014drupalcampcoloradoorg.pantheonsite.io/sponsor/lingotek.html]
[dev-2014drupalcampcoloradoorg.pantheonsite.io/node/86.html]
[dev-2014drupalcampcoloradoorg.pantheonsite.io/user/login8e23.html]
[dev-2014drupalcampcoloradoorg.pantheonsite.io/sponsor/elevated-third.html]
[dev-2014drupalcampcoloradoorg.pantheonsite.io/node/95.html]
[dev-2014drupalcampcoloradoorg.pantheonsite.io/user/login17f4.html]
[dev-2014drupalcampcoloradoorg.pantheonsite.io/sponsor/opsbot.html]
[dev-2014drupalcampcoloradoorg.pantheonsite.io/sites/default/files/js/js_pITXxmjKXlhhT6m5RMPEa2PNkl4JkAXAXa8XP8YJw-w.js]
[dev-2014drupalcampcoloradoorg.pantheonsite.io/user/login9d38.html]
[dev-2014drupalcampcoloradoorg.pantheonsite.io/content/august-2-2014.html]
[dev-2014drupalcampcoloradoorg.pantheonsite.io/content/august-3-2014.html]
[dev-2014drupalcampcoloradoorg.pantheonsite.io/sessions.html]
[dev-2014drupalcampcoloradoorg.pantheonsite.io/user/login4338.html]
[dev-2014drupalcampcoloradoorg.pantheonsite.io/user-personal-information/larsdesigns.html]
[dev-2014drupalcampcoloradoorg.pantheonsite.io/sites/default/files/styles/thumbnail/public/default_images/default-avatar_0bc84.png]
[dev-2014drupalcampcoloradoorg.pantheonsite.io/all-user-profiles.html]
[dev-2014drupalcampcoloradoorg.pantheonsite.io/node/4.html]
[dev-2014drupalcampcoloradoorg.pantheonsite.io/sites/default/files/css/css_f19WQvFTYez3FrkGpUE_6Sa46WW5jRNol7mvTjpQLFc.css]
[dev-2014drupalcampcoloradoorg.pantheonsite.io/sites/default/files/js/js_5Hoo0mHf6gl0aRqHL8t7QdRuN3lNYac1GsfYN_NcqF8.js]
[dev-2014drupalcampcoloradoorg.pantheonsite.io/user/logina99a.html]
[dev-2014drupalcampcoloradoorg.pantheonsite.io/contact.html]
[dev-2014drupalcampcoloradoorg.pantheonsite.io/node/26.html]
[dev-2014drupalcampcoloradoorg.pantheonsite.io/user/logind002.html]
[dev-2014drupalcampcoloradoorg.pantheonsite.io/sites/default/files/styles/large/public/field/image/3665548001_eeb1f676ef_b625c.jpg]
[dev-2014drupalcampcoloradoorg.pantheonsite.io/training/beginners-guide-drupal.html]
[dev-2014drupalcampcoloradoorg.pantheonsite.io/training/site-building-and-more-buildamodule-mentored-training.html]
[dev-2014drupalcampcoloradoorg.pantheonsite.io/taxonomy/term/31.html]
[dev-2014drupalcampcoloradoorg.pantheonsite.io/content/drupalcamp-colorado-trainings.html]
[dev-2014drupalcampcoloradoorg.pantheonsite.io/user/login37fc.html]
[dev-2014drupalcampcoloradoorg.pantheonsite.io/node/135.html]
[dev-2014drupalcampcoloradoorg.pantheonsite.io/user/login5eac.html]
[dev-2014drupalcampcoloradoorg.pantheonsite.io/content/volunteers.html]
[dev-2014drupalcampcoloradoorg.pantheonsite.io/profiles/dcco/themes/dcco2014/js/vendor/slick/fonts/slick.svg]
[dev-2014drupalcampcoloradoorg.pantheonsite.io/profiles/dcco/themes/dcco2014/icons/DCCO-Icons872c.svg]
[dev-2014drupalcampcoloradoorg.pantheonsite.io/has_js=1; path=/index.html]
[dev-2014drupalcampcoloradoorg.pantheonsite.io/POST.html]
[dev-2014drupalcampcoloradoorg.pantheonsite.io/gtm.html]
[dev-2014drupalcampcoloradoorg.pantheonsite.io/plugins/index.html]
[dev-2014drupalcampcoloradoorg.pantheonsite.io/user/loginb53e.html]
[dev-2014drupalcampcoloradoorg.pantheonsite.io/user/loginb538.html]
[dev-2014drupalcampcoloradoorg.pantheonsite.io/user.html]
[dev-2014drupalcampcoloradoorg.pantheonsite.io/sites/default/files/js/js_3sK4hWmHn-fWH59y8XbckjNidwMbo5cHNbwLN3FGK00.js]
[dev-2014drupalcampcoloradoorg.pantheonsite.io/user/login8aa5.html]
[dev-2014drupalcampcoloradoorg.pantheonsite.io/profiles/dcco/modules/contrib/mollom/images/refresh.png]
[dev-2014drupalcampcoloradoorg.pantheonsite.io/user/password.html]
[dev-2014drupalcampcoloradoorg.pantheonsite.io/node/134.html]
[dev-2014drupalcampcoloradoorg.pantheonsite.io/user/login9dd8.html]
[dev-2014drupalcampcoloradoorg.pantheonsite.io/user/login6be6.html]
[dev-2014drupalcampcoloradoorg.pantheonsite.io/node/2.html]
[dev-2014drupalcampcoloradoorg.pantheonsite.io/user/login80f7.html]
[dev-2014drupalcampcoloradoorg.pantheonsite.io/sites/default/files/js/js_nEiSXFuBLa6_IZe1K10-yRR23daAKcypdijcXlxKVSM.js]
[dev-2014drupalcampcoloradoorg.pantheonsite.io/user/login814b.html]
[dev-2014drupalcampcoloradoorg.pantheonsite.io/sites/default/files/js/js_Y6fR77r_iPqfWjuqBwIZc7f-0TwzcJP34VWW9hHcreU.js]
[dev-2014drupalcampcoloradoorg.pantheonsite.io/sites/default/files/js/js_EtM2ZSaOlnKtd5a6E3qBSlwdCwxxXb4VxwSbL9GO0S8.js]
[dev-2014drupalcampcoloradoorg.pantheonsite.io/user/login153a.html]
[dev-2014drupalcampcoloradoorg.pantheonsite.io/user/loginbab4.html]
[dev-2014drupalcampcoloradoorg.pantheonsite.io/training/beginners-guide-d..0a19.html]
[dev-2014drupalcampcoloradoorg.pantheonsite.io/training/beginners-guide-d..48be.html]
[dev-2014drupalcampcoloradoorg.pantheonsite.io/Beginner's-Guide-to-Drupal.html]
[dev-2014drupalcampcoloradoorg.pantheonsite.io/Site-Building-and-More---A-BuildAModule-Ment...html]
[dev-2014drupalcampcoloradoorg.pantheonsite.io/training/beginners-guide-d...html]
[dev-2014drupalcampcoloradoorg.pantheonsite.io/user/login5c37.html]
[dev-2014drupalcampcoloradoorg.pantheonsite.io/training/buildamodule-ment..0a19.html]
[dev-2014drupalcampcoloradoorg.pantheonsite.io/training/buildamodule-ment..48be.html]
[dev-2014drupalcampcoloradoorg.pantheonsite.io/training/buildamodule-ment...html]
[dev-2014drupalcampcoloradoorg.pantheonsite.io/node/115.html]
[dev-2014drupalcampcoloradoorg.pantheonsite.io/user/logine960.html]
[dev-2014drupalcampcoloradoorg.pantheonsite.io/user/login4e96.html]
[dev-2014drupalcampcoloradoorg.pantheonsite.io/session/saturday-morning-check.html]
[dev-2014drupalcampcoloradoorg.pantheonsite.io/node/116.html]
[dev-2014drupalcampcoloradoorg.pantheonsite.io/user/login0495.html]
[dev-2014drupalcampcoloradoorg.pantheonsite.io/user/login8c63.html]
[dev-2014drupalcampcoloradoorg.pantheonsite.io/session/intro-and-welcome.html]
[dev-2014drupalcampcoloradoorg.pantheonsite.io/node/117.html]
[dev-2014drupalcampcoloradoorg.pantheonsite.io/user/login12bf.html]
[dev-2014drupalcampcoloradoorg.pantheonsite.io/user/login4413.html]
[dev-2014drupalcampcoloradoorg.pantheonsite.io/session/michael-meyers-keynote.html]
[dev-2014drupalcampcoloradoorg.pantheonsite.io/node/118.html]
[dev-2014drupalcampcoloradoorg.pantheonsite.io/user/login5425.html]
[dev-2014drupalcampcoloradoorg.pantheonsite.io/user/login8ad4.html]
[dev-2014drupalcampcoloradoorg.pantheonsite.io/session/group-photograph.html]
[dev-2014drupalcampcoloradoorg.pantheonsite.io/taxonomy/term/6/feed]
[dev-2014drupalcampcoloradoorg.pantheonsite.io/sites/default/files/css/css_JVNEqUAtoNhwIUTcHAwf8mQ0R11WEAI2vPSDe3teHZY.css]
[dev-2014drupalcampcoloradoorg.pantheonsite.io/user/loginb073.html]
[dev-2014drupalcampcoloradoorg.pantheonsite.io/session/there’s-module.html]
[dev-2014drupalcampcoloradoorg.pantheonsite.io/user/login84d5.html]
[dev-2014drupalcampcoloradoorg.pantheonsite.io/user/login4590.html]
[dev-2014drupalcampcoloradoorg.pantheonsite.io/user/login1660.html]
[dev-2014drupalcampcoloradoorg.pantheonsite.io/session/proposal-standard-dev-process.html]
[dev-2014drupalcampcoloradoorg.pantheonsite.io/user/login7c34.html]
[dev-2014drupalcampcoloradoorg.pantheonsite.io/session/cxual-healing-content-creators-are-people-too.html]
[dev-2014drupalcampcoloradoorg.pantheonsite.io/user/logindcef.html]
[dev-2014drupalcampcoloradoorg.pantheonsite.io/session/approaching-information-architecture-drupal.html]
[dev-2014drupalcampcoloradoorg.pantheonsite.io/user/login48ff.html]
[dev-2014drupalcampcoloradoorg.pantheonsite.io/user/login1d24.html]
[dev-2014drupalcampcoloradoorg.pantheonsite.io/session/drush-drupal-administration-without-load-times.html]
[dev-2014drupalcampcoloradoorg.pantheonsite.io/user/login43e0.html]
[dev-2014drupalcampcoloradoorg.pantheonsite.io/user/login9395.html]
[dev-2014drupalcampcoloradoorg.pantheonsite.io/session/drupal’s-php-component-future.html]
[dev-2014drupalcampcoloradoorg.pantheonsite.io/user/login37c3.html]
[dev-2014drupalcampcoloradoorg.pantheonsite.io/taxonomy/term/62679.html]
[dev-2014drupalcampcoloradoorg.pantheonsite.io/taxonomy/term/64658.html]
[dev-2014drupalcampcoloradoorg.pantheonsite.io/taxonomy/term/6.html]
[dev-2014drupalcampcoloradoorg.pantheonsite.io/taxonomy/term/11/feed]
[dev-2014drupalcampcoloradoorg.pantheonsite.io/user/loginbbb4.html]
[dev-2014drupalcampcoloradoorg.pantheonsite.io/user/loginc18e.html]
[dev-2014drupalcampcoloradoorg.pantheonsite.io/user/login313a.html]
[dev-2014drupalcampcoloradoorg.pantheonsite.io/session/drupal-nonprofits.html]
[dev-2014drupalcampcoloradoorg.pantheonsite.io/user/loginb898.html]
[dev-2014drupalcampcoloradoorg.pantheonsite.io/user/loginb47b.html]
[dev-2014drupalcampcoloradoorg.pantheonsite.io/session/portable-development-environments.html]
[dev-2014drupalcampcoloradoorg.pantheonsite.io/user/logindbc3.html]
[dev-2014drupalcampcoloradoorg.pantheonsite.io/taxonomy/term/112679.html]
[dev-2014drupalcampcoloradoorg.pantheonsite.io/taxonomy/term/114658.html]
[dev-2014drupalcampcoloradoorg.pantheonsite.io/taxonomy/term/11.html]
[dev-2014drupalcampcoloradoorg.pantheonsite.io/node/99.html]
[dev-2014drupalcampcoloradoorg.pantheonsite.io/user/login005d.html]
[dev-2014drupalcampcoloradoorg.pantheonsite.io/session/devops-101-culture-and-tools.html]
[dev-2014drupalcampcoloradoorg.pantheonsite.io/taxonomy/term/10/feed]
[dev-2014drupalcampcoloradoorg.pantheonsite.io/user/login87e8.html]
[dev-2014drupalcampcoloradoorg.pantheonsite.io/session/what-happening-using-logstash-make-sense-your-environment.html]
[dev-2014drupalcampcoloradoorg.pantheonsite.io/user/loginb60f.html]
[dev-2014drupalcampcoloradoorg.pantheonsite.io/user/login247a.html]
[dev-2014drupalcampcoloradoorg.pantheonsite.io/session/git-flow-disposable-testing-sites.html]
[dev-2014drupalcampcoloradoorg.pantheonsite.io/user/logind6f4.html]
[dev-2014drupalcampcoloradoorg.pantheonsite.io/user/login3f8a.html]
[dev-2014drupalcampcoloradoorg.pantheonsite.io/session/roll-your-own-aws-cluster.html]
[dev-2014drupalcampcoloradoorg.pantheonsite.io/user/logine594.html]
[dev-2014drupalcampcoloradoorg.pantheonsite.io/user/loginde40.html]
[dev-2014drupalcampcoloradoorg.pantheonsite.io/user/logind0a5.html]
[dev-2014drupalcampcoloradoorg.pantheonsite.io/taxonomy/term/102679.html]
[dev-2014drupalcampcoloradoorg.pantheonsite.io/taxonomy/term/10.html]
[dev-2014drupalcampcoloradoorg.pantheonsite.io/node/55.html]
[dev-2014drupalcampcoloradoorg.pantheonsite.io/user/login48c0.html]
[dev-2014drupalcampcoloradoorg.pantheonsite.io/user/login4a3c.html]
[dev-2014drupalcampcoloradoorg.pantheonsite.io/session/make-your-front-end-workflow-scalable-and-efficient.html]
[dev-2014drupalcampcoloradoorg.pantheonsite.io/taxonomy/term/7/feed]
[dev-2014drupalcampcoloradoorg.pantheonsite.io/user/login6985.html]
[dev-2014drupalcampcoloradoorg.pantheonsite.io/session/catalyze-your-creativity.html]
[dev-2014drupalcampcoloradoorg.pantheonsite.io/user/login1aaa.html]
[dev-2014drupalcampcoloradoorg.pantheonsite.io/user/loginf926.html]
[dev-2014drupalcampcoloradoorg.pantheonsite.io/user/loginc174.html]
[dev-2014drupalcampcoloradoorg.pantheonsite.io/session/javascript-beyond-drupal-way.html]
[dev-2014drupalcampcoloradoorg.pantheonsite.io/user/login25bd.html]
[dev-2014drupalcampcoloradoorg.pantheonsite.io/user/login1c71.html]
[dev-2014drupalcampcoloradoorg.pantheonsite.io/user/logina1dc.html]
[dev-2014drupalcampcoloradoorg.pantheonsite.io/session/backbone-and-drupal.html]
[dev-2014drupalcampcoloradoorg.pantheonsite.io/user/login20c8.html]
[dev-2014drupalcampcoloradoorg.pantheonsite.io/taxonomy/term/7.html]
[dev-2014drupalcampcoloradoorg.pantheonsite.io/taxonomy/term/12/feed]
[dev-2014drupalcampcoloradoorg.pantheonsite.io/user/login772e.html]
[dev-2014drupalcampcoloradoorg.pantheonsite.io/user/login5fba.html]
[dev-2014drupalcampcoloradoorg.pantheonsite.io/taxonomy/term/122679.html]
[dev-2014drupalcampcoloradoorg.pantheonsite.io/taxonomy/term/124658.html]
[dev-2014drupalcampcoloradoorg.pantheonsite.io/taxonomy/term/12.html]
[dev-2014drupalcampcoloradoorg.pantheonsite.io/node/97.html]
[dev-2014drupalcampcoloradoorg.pantheonsite.io/user/login0998.html]
[dev-2014drupalcampcoloradoorg.pantheonsite.io/session/solution-architecture-designing-strategy-project-success.html]
[dev-2014drupalcampcoloradoorg.pantheonsite.io/taxonomy/term/8/feed]
[dev-2014drupalcampcoloradoorg.pantheonsite.io/user/loginfd6e.html]
[dev-2014drupalcampcoloradoorg.pantheonsite.io/session/scaling-you-contractor-shop-and-beyond.html]
[dev-2014drupalcampcoloradoorg.pantheonsite.io/user/logina8f9.html]
[dev-2014drupalcampcoloradoorg.pantheonsite.io/user/login617b.html]
[dev-2014drupalcampcoloradoorg.pantheonsite.io/user/login5940.html]
[dev-2014drupalcampcoloradoorg.pantheonsite.io/session/association-board-hows-and-whys-involvement.html]
[dev-2014drupalcampcoloradoorg.pantheonsite.io/user/login8b64.html]
[dev-2014drupalcampcoloradoorg.pantheonsite.io/user/login478d.html]
[dev-2014drupalcampcoloradoorg.pantheonsite.io/taxonomy/term/8.html]
[dev-2014drupalcampcoloradoorg.pantheonsite.io/node/65.html]
[dev-2014drupalcampcoloradoorg.pantheonsite.io/user/loginc314.html]
[dev-2014drupalcampcoloradoorg.pantheonsite.io/user/login4e36.html]
[dev-2014drupalcampcoloradoorg.pantheonsite.io/session/collaborative-content-management-migrate.html]
[dev-2014drupalcampcoloradoorg.pantheonsite.io/node/81.html]
[dev-2014drupalcampcoloradoorg.pantheonsite.io/session/building-scalable-private-vmware-based-drupal-cloud.html]
[dev-2014drupalcampcoloradoorg.pantheonsite.io/user/login43f3.html]
[dev-2014drupalcampcoloradoorg.pantheonsite.io/node/64.html]
[dev-2014drupalcampcoloradoorg.pantheonsite.io/user/login9e3a.html]
[dev-2014drupalcampcoloradoorg.pantheonsite.io/session/lean-drupal-markup.html]
[dev-2014drupalcampcoloradoorg.pantheonsite.io/node/68.html]
[dev-2014drupalcampcoloradoorg.pantheonsite.io/user/login088b.html]
[dev-2014drupalcampcoloradoorg.pantheonsite.io/session/open-source-isnt-just-good-its-good-business.html]
[dev-2014drupalcampcoloradoorg.pantheonsite.io/node/119.html]
[dev-2014drupalcampcoloradoorg.pantheonsite.io/user/logindded.html]
[dev-2014drupalcampcoloradoorg.pantheonsite.io/user/login8d19.html]
[dev-2014drupalcampcoloradoorg.pantheonsite.io/session/lunch.html]
[dev-2014drupalcampcoloradoorg.pantheonsite.io/node/32.html]
[dev-2014drupalcampcoloradoorg.pantheonsite.io/user/logindc81.html]
[dev-2014drupalcampcoloradoorg.pantheonsite.io/user/loginbde0.html]
[dev-2014drupalcampcoloradoorg.pantheonsite.io/session/absolute-beginners-guide-views.html]
[dev-2014drupalcampcoloradoorg.pantheonsite.io/node/76.html]
[dev-2014drupalcampcoloradoorg.pantheonsite.io/user/login7261.html]
[dev-2014drupalcampcoloradoorg.pantheonsite.io/session/intro-frontend-ops.html]
[dev-2014drupalcampcoloradoorg.pantheonsite.io/node/54.html]
[dev-2014drupalcampcoloradoorg.pantheonsite.io/user/login10a8.html]
[dev-2014drupalcampcoloradoorg.pantheonsite.io/user/login4bbc.html]
[dev-2014drupalcampcoloradoorg.pantheonsite.io/session/securing-customer-credit-card-data.html]
[dev-2014drupalcampcoloradoorg.pantheonsite.io/taxonomy/term/9/feed]
[dev-2014drupalcampcoloradoorg.pantheonsite.io/user/loginb1ca.html]
[dev-2014drupalcampcoloradoorg.pantheonsite.io/taxonomy/term/9.html]
[dev-2014drupalcampcoloradoorg.pantheonsite.io/node/101.html]
[dev-2014drupalcampcoloradoorg.pantheonsite.io/user/login90fc.html]
[dev-2014drupalcampcoloradoorg.pantheonsite.io/session/chatops-makes-awesome-teams.html]
[dev-2014drupalcampcoloradoorg.pantheonsite.io/node/58.html]
[dev-2014drupalcampcoloradoorg.pantheonsite.io/user/logincc2b.html]
[dev-2014drupalcampcoloradoorg.pantheonsite.io/user/login5cac.html]
[dev-2014drupalcampcoloradoorg.pantheonsite.io/session/drupal-8-drupalistas.html]
[dev-2014drupalcampcoloradoorg.pantheonsite.io/node/80.html]
[dev-2014drupalcampcoloradoorg.pantheonsite.io/user/loginc72c.html]
[dev-2014drupalcampcoloradoorg.pantheonsite.io/session/scssy-wild-west-partial-organization-complete-site.html]
[dev-2014drupalcampcoloradoorg.pantheonsite.io/node/70.html]
[dev-2014drupalcampcoloradoorg.pantheonsite.io/user/login8f28.html]
[dev-2014drupalcampcoloradoorg.pantheonsite.io/session/data-analytics-and-day-after.html]
[dev-2014drupalcampcoloradoorg.pantheonsite.io/node/96.html]
[dev-2014drupalcampcoloradoorg.pantheonsite.io/user/login93f6.html]
[dev-2014drupalcampcoloradoorg.pantheonsite.io/session/integration-testing-kitchenci-multiple-provisioners.html]
[dev-2014drupalcampcoloradoorg.pantheonsite.io/node/29.html]
[dev-2014drupalcampcoloradoorg.pantheonsite.io/user/logine3d6.html]
[dev-2014drupalcampcoloradoorg.pantheonsite.io/session/increasing-business-value-drupal-upgrades.html]
[dev-2014drupalcampcoloradoorg.pantheonsite.io/node/56.html]
[dev-2014drupalcampcoloradoorg.pantheonsite.io/user/loginc2c2.html]
[dev-2014drupalcampcoloradoorg.pantheonsite.io/session/jenkins-101-drupal-perspective.html]
[dev-2014drupalcampcoloradoorg.pantheonsite.io/taxonomy/term/13/feed]
[dev-2014drupalcampcoloradoorg.pantheonsite.io/user/login04db.html]
[dev-2014drupalcampcoloradoorg.pantheonsite.io/user/login9d29.html]
[dev-2014drupalcampcoloradoorg.pantheonsite.io/user/loginf5f3.html]
[dev-2014drupalcampcoloradoorg.pantheonsite.io/taxonomy/term/13.html]
[dev-2014drupalcampcoloradoorg.pantheonsite.io/node/61.html]
[dev-2014drupalcampcoloradoorg.pantheonsite.io/user/logina406.html]
[dev-2014drupalcampcoloradoorg.pantheonsite.io/session/getting-sass-y-foundation.html]
[dev-2014drupalcampcoloradoorg.pantheonsite.io/node/120.html]
[dev-2014drupalcampcoloradoorg.pantheonsite.io/user/login286d.html]
[dev-2014drupalcampcoloradoorg.pantheonsite.io/user/login958c.html]
[dev-2014drupalcampcoloradoorg.pantheonsite.io/session/saturday-night-party-sponsored-aten-design-group.html]
[dev-2014drupalcampcoloradoorg.pantheonsite.io/node/121.html]
[dev-2014drupalcampcoloradoorg.pantheonsite.io/user/logind88b.html]
[dev-2014drupalcampcoloradoorg.pantheonsite.io/user/loginfa96.html]
[dev-2014drupalcampcoloradoorg.pantheonsite.io/session/sunday-morning-registration.html]
[dev-2014drupalcampcoloradoorg.pantheonsite.io/node/122.html]
[dev-2014drupalcampcoloradoorg.pantheonsite.io/user/loginbaf3.html]
[dev-2014drupalcampcoloradoorg.pantheonsite.io/user/logina664.html]
[dev-2014drupalcampcoloradoorg.pantheonsite.io/session/ken-rickards-keynote-enterprise-drupal.html]
[dev-2014drupalcampcoloradoorg.pantheonsite.io/node/62.html]
[dev-2014drupalcampcoloradoorg.pantheonsite.io/user/loginfda4.html]
[dev-2014drupalcampcoloradoorg.pantheonsite.io/user/login0a3c.html]
[dev-2014drupalcampcoloradoorg.pantheonsite.io/session/lets-break-drupal-security-hackers-perspective.html]
[dev-2014drupalcampcoloradoorg.pantheonsite.io/node/42.html]
[dev-2014drupalcampcoloradoorg.pantheonsite.io/user/login7786.html]
[dev-2014drupalcampcoloradoorg.pantheonsite.io/session/continuous-integration-pantheon.html]
[dev-2014drupalcampcoloradoorg.pantheonsite.io/node/66.html]
[dev-2014drupalcampcoloradoorg.pantheonsite.io/user/logind27a.html]
[dev-2014drupalcampcoloradoorg.pantheonsite.io/session/drupal-8-plugin-deep-dive.html]
[dev-2014drupalcampcoloradoorg.pantheonsite.io/node/37.html]
[dev-2014drupalcampcoloradoorg.pantheonsite.io/user/login2e6a.html]
[dev-2014drupalcampcoloradoorg.pantheonsite.io/user/login3123.html]
[dev-2014drupalcampcoloradoorg.pantheonsite.io/session/what-you-want-out-box-introduction-panopoly-and-drupal-distributions.html]
[dev-2014drupalcampcoloradoorg.pantheonsite.io/node/123.html]
[dev-2014drupalcampcoloradoorg.pantheonsite.io/user/logind0ba.html]
[dev-2014drupalcampcoloradoorg.pantheonsite.io/user/login5eef.html]
[dev-2014drupalcampcoloradoorg.pantheonsite.io/session/lunch-0.html]
[dev-2014drupalcampcoloradoorg.pantheonsite.io/node/46.html]
[dev-2014drupalcampcoloradoorg.pantheonsite.io/user/login582c.html]
[dev-2014drupalcampcoloradoorg.pantheonsite.io/user/loginfab4.html]
[dev-2014drupalcampcoloradoorg.pantheonsite.io/session/keeping-it-simple-overview-static-code-analysis.html]
[dev-2014drupalcampcoloradoorg.pantheonsite.io/node/60.html]
[dev-2014drupalcampcoloradoorg.pantheonsite.io/user/loginc77a.html]
[dev-2014drupalcampcoloradoorg.pantheonsite.io/user/loginb5ee.html]
[dev-2014drupalcampcoloradoorg.pantheonsite.io/session/drupal-7-form-api-javascript-ajax-and-html5.html]
[dev-2014drupalcampcoloradoorg.pantheonsite.io/node/124.html]
[dev-2014drupalcampcoloradoorg.pantheonsite.io/user/logind479.html]
[dev-2014drupalcampcoloradoorg.pantheonsite.io/user/login111b.html]
[dev-2014drupalcampcoloradoorg.pantheonsite.io/session/closing-session.html]
[dev-2014drupalcampcoloradoorg.pantheonsite.io/node/125.html]
[dev-2014drupalcampcoloradoorg.pantheonsite.io/user/login48d5.html]
[dev-2014drupalcampcoloradoorg.pantheonsite.io/user/login24f8.html]
[dev-2014drupalcampcoloradoorg.pantheonsite.io/session/camp-retrospective.html]
[dev-2014drupalcampcoloradoorg.pantheonsite.io/user/login491c.html]
[dev-2014drupalcampcoloradoorg.pantheonsite.io/node/3.html]
[dev-2014drupalcampcoloradoorg.pantheonsite.io/user/logind2e1.html]
[dev-2014drupalcampcoloradoorg.pantheonsite.io/sponsorships.html]
[dev-2014drupalcampcoloradoorg.pantheonsite.io/node/5.html]
[dev-2014drupalcampcoloradoorg.pantheonsite.io/user/login59ac.html]
[dev-2014drupalcampcoloradoorg.pantheonsite.io/content/individual-sponsorship.html]
[dev-2014drupalcampcoloradoorg.pantheonsite.io/node/91.html]
[dev-2014drupalcampcoloradoorg.pantheonsite.io/user/logina12d.html]
[dev-2014drupalcampcoloradoorg.pantheonsite.io/sponsor/601am.html]
[dev-2014drupalcampcoloradoorg.pantheonsite.io/node/90.html]
[dev-2014drupalcampcoloradoorg.pantheonsite.io/user/login7e90.html]
[dev-2014drupalcampcoloradoorg.pantheonsite.io/sponsor/blackmesh.html]
[dev-2014drupalcampcoloradoorg.pantheonsite.io/node/40.html]
[dev-2014drupalcampcoloradoorg.pantheonsite.io/user/loginaf73.html]
[dev-2014drupalcampcoloradoorg.pantheonsite.io/sponsor/chapter-three.html]
[dev-2014drupalcampcoloradoorg.pantheonsite.io/node/130.html]
[dev-2014drupalcampcoloradoorg.pantheonsite.io/user/login7c2c.html]
[dev-2014drupalcampcoloradoorg.pantheonsite.io/sponsor/commerce-guys.html]
[dev-2014drupalcampcoloradoorg.pantheonsite.io/node/131.html]
[dev-2014drupalcampcoloradoorg.pantheonsite.io/user/login7d4e.html]
[dev-2014drupalcampcoloradoorg.pantheonsite.io/sponsor/internetdevels.html]
[dev-2014drupalcampcoloradoorg.pantheonsite.io/node/133.html]
[dev-2014drupalcampcoloradoorg.pantheonsite.io/user/login3749.html]
[dev-2014drupalcampcoloradoorg.pantheonsite.io/sponsor/miles-partnership.html]
[dev-2014drupalcampcoloradoorg.pantheonsite.io/node/126.html]
[dev-2014drupalcampcoloradoorg.pantheonsite.io/user/logina014.html]
[dev-2014drupalcampcoloradoorg.pantheonsite.io/sponsor/open-media-foundation.html]
[dev-2014drupalcampcoloradoorg.pantheonsite.io/node/128.html]
[dev-2014drupalcampcoloradoorg.pantheonsite.io/user/login1c16.html]
[dev-2014drupalcampcoloradoorg.pantheonsite.io/sponsor/ostraining.html]
[dev-2014drupalcampcoloradoorg.pantheonsite.io/node/41.html]
[dev-2014drupalcampcoloradoorg.pantheonsite.io/user/logina576.html]
[dev-2014drupalcampcoloradoorg.pantheonsite.io/sponsor/oxbow-labs.html]
[dev-2014drupalcampcoloradoorg.pantheonsite.io/node/93.html]
[dev-2014drupalcampcoloradoorg.pantheonsite.io/user/login0329.html]
[dev-2014drupalcampcoloradoorg.pantheonsite.io/sponsor/pantheon.html]
[dev-2014drupalcampcoloradoorg.pantheonsite.io/node/132.html]
[dev-2014drupalcampcoloradoorg.pantheonsite.io/user/logined37.html]
[dev-2014drupalcampcoloradoorg.pantheonsite.io/sponsor/straight-north.html]
[dev-2014drupalcampcoloradoorg.pantheonsite.io/node/92.html]
[dev-2014drupalcampcoloradoorg.pantheonsite.io/user/login1ee7.html]
[dev-2014drupalcampcoloradoorg.pantheonsite.io/sponsor/webenabled.html]
[dev-2014drupalcampcoloradoorg.pantheonsite.io/node/129.html]
[dev-2014drupalcampcoloradoorg.pantheonsite.io/user/logind419.html]
[dev-2014drupalcampcoloradoorg.pantheonsite.io/sponsor/zivtech.html]
[dev-2014drupalcampcoloradoorg.pantheonsite.io/node/6.html]
[dev-2014drupalcampcoloradoorg.pantheonsite.io/user/login8d25.html]
[dev-2014drupalcampcoloradoorg.pantheonsite.io/user/login1266.html]
[dev-2014drupalcampcoloradoorg.pantheonsite.io/content/michael-meyers-keynotes.html]
[dev-2014drupalcampcoloradoorg.pantheonsite.io/node/19.html]
[dev-2014drupalcampcoloradoorg.pantheonsite.io/user/login6421.html]
[dev-2014drupalcampcoloradoorg.pantheonsite.io/node/add/session]
[dev-2014drupalcampcoloradoorg.pantheonsite.io/taxonomy/term/32.html]
[dev-2014drupalcampcoloradoorg.pantheonsite.io/taxonomy/term/33.html]
[dev-2014drupalcampcoloradoorg.pantheonsite.io/user/loginf9d0.html]
[dev-2014drupalcampcoloradoorg.pantheonsite.io/content/drupalcamp-colorado.html]
[dev-2014drupalcampcoloradoorg.pantheonsite.io/node/35.html]
[dev-2014drupalcampcoloradoorg.pantheonsite.io/user/loginc82d.html]
[dev-2014drupalcampcoloradoorg.pantheonsite.io/taxonomy/term/28/feed]
[dev-2014drupalcampcoloradoorg.pantheonsite.io/user/login9340.html]
[dev-2014drupalcampcoloradoorg.pantheonsite.io/sites/default/files/styles/medium/public/field/image/ken29bdb.jpg]
[dev-2014drupalcampcoloradoorg.pantheonsite.io/taxonomy/term/28.html]
[dev-2014drupalcampcoloradoorg.pantheonsite.io/sites/default/files/styles/medium/public/field/image/meyers-largeb28b.jpg]
[dev-2014drupalcampcoloradoorg.pantheonsite.io/taxonomy/term/35/feed]
[dev-2014drupalcampcoloradoorg.pantheonsite.io/taxonomy/term/35.html]
[dev-2014drupalcampcoloradoorg.pantheonsite.io/user/login60f5.html]
[dev-2014drupalcampcoloradoorg.pantheonsite.io/tags/large-scale-drupal.html]
[dev-2014drupalcampcoloradoorg.pantheonsite.io/user/login01c6.html]
[dev-2014drupalcampcoloradoorg.pantheonsite.io/user/loginf9a8.html]
[dev-2014drupalcampcoloradoorg.pantheonsite.io/taxonomy/term/29/feed]
[dev-2014drupalcampcoloradoorg.pantheonsite.io/user/login88ca.html]
[dev-2014drupalcampcoloradoorg.pantheonsite.io/taxonomy/term/29.html]
[dev-2014drupalcampcoloradoorg.pantheonsite.io/taxonomy/term/30/feed]
[dev-2014drupalcampcoloradoorg.pantheonsite.io/taxonomy/term/30.html]
[dev-2014drupalcampcoloradoorg.pantheonsite.io/user/login8aad.html]
[dev-2014drupalcampcoloradoorg.pantheonsite.io/user/login87a7.html]
[dev-2014drupalcampcoloradoorg.pantheonsite.io/node/106.html]
[dev-2014drupalcampcoloradoorg.pantheonsite.io/user/login7d1f.html]
[dev-2014drupalcampcoloradoorg.pantheonsite.io/user/login422a.html]
[dev-2014drupalcampcoloradoorg.pantheonsite.io/node/7.html]
[dev-2014drupalcampcoloradoorg.pantheonsite.io/user/login805f.html]
[dev-2014drupalcampcoloradoorg.pantheonsite.io/user/login35cd.html]
[dev-2014drupalcampcoloradoorg.pantheonsite.io/node/8.html]
[dev-2014drupalcampcoloradoorg.pantheonsite.io/user/login0275.html]
[dev-2014drupalcampcoloradoorg.pantheonsite.io/user/login373c.html]
[dev-2014drupalcampcoloradoorg.pantheonsite.io/node/9.html]
[dev-2014drupalcampcoloradoorg.pantheonsite.io/user/loginfd26.html]
[dev-2014drupalcampcoloradoorg.pantheonsite.io/user/loginf85c.html]
[dev-2014drupalcampcoloradoorg.pantheonsite.io/node/38.html]
[dev-2014drupalcampcoloradoorg.pantheonsite.io/user/login13a2.html]
[dev-2014drupalcampcoloradoorg.pantheonsite.io/node/39.html]
[dev-2014drupalcampcoloradoorg.pantheonsite.io/user/login22ce.html]
[dev-2014drupalcampcoloradoorg.pantheonsite.io/node/84.html]
[dev-2014drupalcampcoloradoorg.pantheonsite.io/user/login9b81.html]
[dev-2014drupalcampcoloradoorg.pantheonsite.io/node/85.html]
[dev-2014drupalcampcoloradoorg.pantheonsite.io/user/loginb103.html]
[dev-2014drupalcampcoloradoorg.pantheonsite.io/node/86.html]
[dev-2014drupalcampcoloradoorg.pantheonsite.io/user/login8e23.html]
[dev-2014drupalcampcoloradoorg.pantheonsite.io/node/95.html]
[dev-2014drupalcampcoloradoorg.pantheonsite.io/user/login17f4.html]
[dev-2014drupalcampcoloradoorg.pantheonsite.io/sites/default/files/js/js_pITXxmjKXlhhT6m5RMPEa2PNkl4JkAXAXa8XP8YJw-w.js]
[dev-2014drupalcampcoloradoorg.pantheonsite.io/user/login9d38.html]
[dev-2014drupalcampcoloradoorg.pantheonsite.io/node/104.html]
[dev-2014drupalcampcoloradoorg.pantheonsite.io/user/loginbadf.html]
[dev-2014drupalcampcoloradoorg.pantheonsite.io/content/all-user-profiles]
[dev-2014drupalcampcoloradoorg.pantheonsite.io/content/august-2-2014.html]
[dev-2014drupalcampcoloradoorg.pantheonsite.io/node/105.html]
[dev-2014drupalcampcoloradoorg.pantheonsite.io/user/loginebec.html]
[dev-2014drupalcampcoloradoorg.pantheonsite.io/content/august-3-2014.html]
[dev-2014drupalcampcoloradoorg.pantheonsite.io/user/login4338.html]
[dev-2014drupalcampcoloradoorg.pantheonsite.io/user/login7b95.html]
[dev-2014drupalcampcoloradoorg.pantheonsite.io/users/larsdesigns-0.html]
[dev-2014drupalcampcoloradoorg.pantheonsite.io/sites/default/files/styles/medium/public/default_images/default-avatar_09fa6.png]
[dev-2014drupalcampcoloradoorg.pantheonsite.io/user-personal-information/larsdesigns.html]
[dev-2014drupalcampcoloradoorg.pantheonsite.io/node/4.html]
[dev-2014drupalcampcoloradoorg.pantheonsite.io/sites/default/files/css/css_f19WQvFTYez3FrkGpUE_6Sa46WW5jRNol7mvTjpQLFc.css]
[dev-2014drupalcampcoloradoorg.pantheonsite.io/sites/default/files/js/js_5Hoo0mHf6gl0aRqHL8t7QdRuN3lNYac1GsfYN_NcqF8.js]
[dev-2014drupalcampcoloradoorg.pantheonsite.io/user/logina99a.html]
[dev-2014drupalcampcoloradoorg.pantheonsite.io/node/26.html]
[dev-2014drupalcampcoloradoorg.pantheonsite.io/user/logind002.html]
[dev-2014drupalcampcoloradoorg.pantheonsite.io/node/51.html]
[dev-2014drupalcampcoloradoorg.pantheonsite.io/user/login8159.html]
[dev-2014drupalcampcoloradoorg.pantheonsite.io/training/beginners-guide-drupal.html]
[dev-2014drupalcampcoloradoorg.pantheonsite.io/user/loginbd93.html]
[dev-2014drupalcampcoloradoorg.pantheonsite.io/training/site-building-and-more-buildamodule-mentored-training0a19.html]
[dev-2014drupalcampcoloradoorg.pantheonsite.io/training/site-building-and-more-buildamodule-mentored-training48be.html]
[dev-2014drupalcampcoloradoorg.pantheonsite.io/training/site-building-and-more-buildamodule-mentored-training.html]
[dev-2014drupalcampcoloradoorg.pantheonsite.io/taxonomy/term/31/feed]
[dev-2014drupalcampcoloradoorg.pantheonsite.io/user/login9023.html]
[dev-2014drupalcampcoloradoorg.pantheonsite.io/sites/default/files/styles/medium/public/field/image/3665548001_eeb1f676ef_b5950.jpg]
[dev-2014drupalcampcoloradoorg.pantheonsite.io/taxonomy/term/31.html]
[dev-2014drupalcampcoloradoorg.pantheonsite.io/user/login37fc.html]
[dev-2014drupalcampcoloradoorg.pantheonsite.io/node/135.html]
[dev-2014drupalcampcoloradoorg.pantheonsite.io/user/login5eac.html]
[dev-2014drupalcampcoloradoorg.pantheonsite.io/user/loginb538.html]
[dev-2014drupalcampcoloradoorg.pantheonsite.io/sites/default/files/js/js_3sK4hWmHn-fWH59y8XbckjNidwMbo5cHNbwLN3FGK00.js]
[dev-2014drupalcampcoloradoorg.pantheonsite.io/user/login8aa5.html]
[dev-2014drupalcampcoloradoorg.pantheonsite.io/user/loginbab4.html]
[dev-2014drupalcampcoloradoorg.pantheonsite.io/training/beginners-guide-d..1739.html]
[dev-2014drupalcampcoloradoorg.pantheonsite.io/misc/arrow-desc.png]
[dev-2014drupalcampcoloradoorg.pantheonsite.io/training/beginners-guide-d..0a19.html]
[dev-2014drupalcampcoloradoorg.pantheonsite.io/training/beginners-guide-d..e9e6.html]
[dev-2014drupalcampcoloradoorg.pantheonsite.io/training/beginners-guide-d..48be.html]
[dev-2014drupalcampcoloradoorg.pantheonsite.io/Beginner's-Guide-to-Drupal.html]
[dev-2014drupalcampcoloradoorg.pantheonsite.io/node/52.html]
[dev-2014drupalcampcoloradoorg.pantheonsite.io/user/login6f6f.html]
[dev-2014drupalcampcoloradoorg.pantheonsite.io/Site-Building-and-More---A-BuildAModule-Ment...html]
[dev-2014drupalcampcoloradoorg.pantheonsite.io/user/login5c37.html]
[dev-2014drupalcampcoloradoorg.pantheonsite.io/training/buildamodule-ment..1739.html]
[dev-2014drupalcampcoloradoorg.pantheonsite.io/training/buildamodule-ment..0a19.html]
[dev-2014drupalcampcoloradoorg.pantheonsite.io/training/buildamodule-ment..e9e6.html]
[dev-2014drupalcampcoloradoorg.pantheonsite.io/training/buildamodule-ment..48be.html]
[dev-2014drupalcampcoloradoorg.pantheonsite.io/node/115.html]
[dev-2014drupalcampcoloradoorg.pantheonsite.io/user/logine960.html]
[dev-2014drupalcampcoloradoorg.pantheonsite.io/user/login4e96.html]
[dev-2014drupalcampcoloradoorg.pantheonsite.io/node/116.html]
[dev-2014drupalcampcoloradoorg.pantheonsite.io/user/login0495.html]
[dev-2014drupalcampcoloradoorg.pantheonsite.io/user/login8c63.html]
[dev-2014drupalcampcoloradoorg.pantheonsite.io/node/117.html]
[dev-2014drupalcampcoloradoorg.pantheonsite.io/user/login12bf.html]
[dev-2014drupalcampcoloradoorg.pantheonsite.io/user/login4413.html]
[dev-2014drupalcampcoloradoorg.pantheonsite.io/node/118.html]
[dev-2014drupalcampcoloradoorg.pantheonsite.io/user/login5425.html]
[dev-2014drupalcampcoloradoorg.pantheonsite.io/user/login8ad4.html]
[dev-2014drupalcampcoloradoorg.pantheonsite.io/sites/default/files/css/css_JVNEqUAtoNhwIUTcHAwf8mQ0R11WEAI2vPSDe3teHZY.css]
[dev-2014drupalcampcoloradoorg.pantheonsite.io/user/loginb073.html]
[dev-2014drupalcampcoloradoorg.pantheonsite.io/node/100.html]
[dev-2014drupalcampcoloradoorg.pantheonsite.io/user/login6a41.html]
[dev-2014drupalcampcoloradoorg.pantheonsite.io/session/there’s-module.html]
[dev-2014drupalcampcoloradoorg.pantheonsite.io/user/login84d5.html]
[dev-2014drupalcampcoloradoorg.pantheonsite.io/user/login4590.html]
[dev-2014drupalcampcoloradoorg.pantheonsite.io/user/login1660.html]
[dev-2014drupalcampcoloradoorg.pantheonsite.io/node/79.html]
[dev-2014drupalcampcoloradoorg.pantheonsite.io/user/logine1e4.html]
[dev-2014drupalcampcoloradoorg.pantheonsite.io/session/proposal-standard-dev-process.html]
[dev-2014drupalcampcoloradoorg.pantheonsite.io/user/login7c34.html]
[dev-2014drupalcampcoloradoorg.pantheonsite.io/node/78.html]
[dev-2014drupalcampcoloradoorg.pantheonsite.io/user/login2068.html]
[dev-2014drupalcampcoloradoorg.pantheonsite.io/session/cxual-healing-content-creators-are-people-too.html]
[dev-2014drupalcampcoloradoorg.pantheonsite.io/user/logindcef.html]
[dev-2014drupalcampcoloradoorg.pantheonsite.io/node/77.html]
[dev-2014drupalcampcoloradoorg.pantheonsite.io/user/loginb74d.html]
[dev-2014drupalcampcoloradoorg.pantheonsite.io/session/approaching-information-architecture-drupal.html]
[dev-2014drupalcampcoloradoorg.pantheonsite.io/user/login48ff.html]
[dev-2014drupalcampcoloradoorg.pantheonsite.io/user/login1d24.html]
[dev-2014drupalcampcoloradoorg.pantheonsite.io/node/74.html]
[dev-2014drupalcampcoloradoorg.pantheonsite.io/user/login77e9.html]
[dev-2014drupalcampcoloradoorg.pantheonsite.io/session/drush-drupal-administration-without-load-times.html]
[dev-2014drupalcampcoloradoorg.pantheonsite.io/user/login43e0.html]
[dev-2014drupalcampcoloradoorg.pantheonsite.io/user/login9395.html]
[dev-2014drupalcampcoloradoorg.pantheonsite.io/node/67.html]
[dev-2014drupalcampcoloradoorg.pantheonsite.io/user/login34a4.html]
[dev-2014drupalcampcoloradoorg.pantheonsite.io/session/drupal’s-php-component-future.html]
[dev-2014drupalcampcoloradoorg.pantheonsite.io/user/login37c3.html]
[dev-2014drupalcampcoloradoorg.pantheonsite.io/user/login9ec6.html]
[dev-2014drupalcampcoloradoorg.pantheonsite.io/session/understanding-xhprof-pinpointing-why-your-site-slow-and-how-fix-it.html]
[dev-2014drupalcampcoloradoorg.pantheonsite.io/user/logina4d9.html]
[dev-2014drupalcampcoloradoorg.pantheonsite.io/user/logind46a.html]
[dev-2014drupalcampcoloradoorg.pantheonsite.io/session/views-awesome-or-views-terrible.html]
[dev-2014drupalcampcoloradoorg.pantheonsite.io/user/logina8e8.html]
[dev-2014drupalcampcoloradoorg.pantheonsite.io/session/drupal-improv.html]
[dev-2014drupalcampcoloradoorg.pantheonsite.io/user/login9792.html]
[dev-2014drupalcampcoloradoorg.pantheonsite.io/taxonomy/term/62679.html]
[dev-2014drupalcampcoloradoorg.pantheonsite.io/session/managing-memberships-drupal.html]
[dev-2014drupalcampcoloradoorg.pantheonsite.io/user/loginacd2.html]
[dev-2014drupalcampcoloradoorg.pantheonsite.io/session/multilingual-site-setup-and-management.html]
[dev-2014drupalcampcoloradoorg.pantheonsite.io/user/login7d28.html]
[dev-2014drupalcampcoloradoorg.pantheonsite.io/session/text-formatting-and-input-filters.html]
[dev-2014drupalcampcoloradoorg.pantheonsite.io/user/loginb38f.html]
[dev-2014drupalcampcoloradoorg.pantheonsite.io/user/login74ec.html]
[dev-2014drupalcampcoloradoorg.pantheonsite.io/taxonomy/term/64658.html]
[dev-2014drupalcampcoloradoorg.pantheonsite.io/user/loginbbb4.html]
[dev-2014drupalcampcoloradoorg.pantheonsite.io/user/loginc18e.html]
[dev-2014drupalcampcoloradoorg.pantheonsite.io/user/login313a.html]
[dev-2014drupalcampcoloradoorg.pantheonsite.io/node/83.html]
[dev-2014drupalcampcoloradoorg.pantheonsite.io/user/login2a01.html]
[dev-2014drupalcampcoloradoorg.pantheonsite.io/session/drupal-nonprofits.html]
[dev-2014drupalcampcoloradoorg.pantheonsite.io/user/loginb898.html]
[dev-2014drupalcampcoloradoorg.pantheonsite.io/user/loginb47b.html]
[dev-2014drupalcampcoloradoorg.pantheonsite.io/node/69.html]
[dev-2014drupalcampcoloradoorg.pantheonsite.io/user/login06a0.html]
[dev-2014drupalcampcoloradoorg.pantheonsite.io/session/portable-development-environments.html]
[dev-2014drupalcampcoloradoorg.pantheonsite.io/user/logindbc3.html]
[dev-2014drupalcampcoloradoorg.pantheonsite.io/taxonomy/term/112679.html]
[dev-2014drupalcampcoloradoorg.pantheonsite.io/session/drop-tidal-wave-aegir-hosting-system.html]
[dev-2014drupalcampcoloradoorg.pantheonsite.io/user/logine2ae.html]
[dev-2014drupalcampcoloradoorg.pantheonsite.io/taxonomy/term/114658.html]
[dev-2014drupalcampcoloradoorg.pantheonsite.io/node/99.html]
[dev-2014drupalcampcoloradoorg.pantheonsite.io/user/login005d.html]
[dev-2014drupalcampcoloradoorg.pantheonsite.io/user/login87e8.html]
[dev-2014drupalcampcoloradoorg.pantheonsite.io/node/98.html]
[dev-2014drupalcampcoloradoorg.pantheonsite.io/user/login0465.html]
[dev-2014drupalcampcoloradoorg.pantheonsite.io/session/what-happening-using-logstash-make-sense-your-environment.html]
[dev-2014drupalcampcoloradoorg.pantheonsite.io/user/loginb60f.html]
[dev-2014drupalcampcoloradoorg.pantheonsite.io/user/login247a.html]
[dev-2014drupalcampcoloradoorg.pantheonsite.io/node/87.html]
[dev-2014drupalcampcoloradoorg.pantheonsite.io/user/loginb7f9.html]
[dev-2014drupalcampcoloradoorg.pantheonsite.io/session/git-flow-disposable-testing-sites.html]
[dev-2014drupalcampcoloradoorg.pantheonsite.io/user/logind6f4.html]
[dev-2014drupalcampcoloradoorg.pantheonsite.io/user/login3f8a.html]
[dev-2014drupalcampcoloradoorg.pantheonsite.io/node/72.html]
[dev-2014drupalcampcoloradoorg.pantheonsite.io/user/login5955.html]
[dev-2014drupalcampcoloradoorg.pantheonsite.io/session/roll-your-own-aws-cluster.html]
[dev-2014drupalcampcoloradoorg.pantheonsite.io/user/logine594.html]
[dev-2014drupalcampcoloradoorg.pantheonsite.io/user/loginde40.html]
[dev-2014drupalcampcoloradoorg.pantheonsite.io/user/logind0a5.html]
[dev-2014drupalcampcoloradoorg.pantheonsite.io/session/extending-aegir.html]
[dev-2014drupalcampcoloradoorg.pantheonsite.io/user/login28ac.html]
[dev-2014drupalcampcoloradoorg.pantheonsite.io/taxonomy/term/102679.html]
[dev-2014drupalcampcoloradoorg.pantheonsite.io/node/55.html]
[dev-2014drupalcampcoloradoorg.pantheonsite.io/user/login48c0.html]
[dev-2014drupalcampcoloradoorg.pantheonsite.io/user/login4a3c.html]
[dev-2014drupalcampcoloradoorg.pantheonsite.io/user/login6985.html]
[dev-2014drupalcampcoloradoorg.pantheonsite.io/node/94.html]
[dev-2014drupalcampcoloradoorg.pantheonsite.io/user/login5405.html]
[dev-2014drupalcampcoloradoorg.pantheonsite.io/session/catalyze-your-creativity.html]
[dev-2014drupalcampcoloradoorg.pantheonsite.io/user/login1aaa.html]
[dev-2014drupalcampcoloradoorg.pantheonsite.io/user/loginf926.html]
[dev-2014drupalcampcoloradoorg.pantheonsite.io/user/loginc174.html]
[dev-2014drupalcampcoloradoorg.pantheonsite.io/node/73.html]
[dev-2014drupalcampcoloradoorg.pantheonsite.io/user/loginf001.html]
[dev-2014drupalcampcoloradoorg.pantheonsite.io/session/javascript-beyond-drupal-way.html]
[dev-2014drupalcampcoloradoorg.pantheonsite.io/user/login25bd.html]
[dev-2014drupalcampcoloradoorg.pantheonsite.io/user/login1c71.html]
[dev-2014drupalcampcoloradoorg.pantheonsite.io/user/logina1dc.html]
[dev-2014drupalcampcoloradoorg.pantheonsite.io/node/49.html]
[dev-2014drupalcampcoloradoorg.pantheonsite.io/user/login2108.html]
[dev-2014drupalcampcoloradoorg.pantheonsite.io/session/backbone-and-drupal.html]
[dev-2014drupalcampcoloradoorg.pantheonsite.io/user/login20c8.html]
[dev-2014drupalcampcoloradoorg.pantheonsite.io/user/login772e.html]
[dev-2014drupalcampcoloradoorg.pantheonsite.io/user/login5fba.html]
[dev-2014drupalcampcoloradoorg.pantheonsite.io/taxonomy/term/122679.html]
[dev-2014drupalcampcoloradoorg.pantheonsite.io/taxonomy/term/124658.html]
[dev-2014drupalcampcoloradoorg.pantheonsite.io/node/97.html]
[dev-2014drupalcampcoloradoorg.pantheonsite.io/user/login0998.html]
[dev-2014drupalcampcoloradoorg.pantheonsite.io/user/loginfd6e.html]
[dev-2014drupalcampcoloradoorg.pantheonsite.io/node/102.html]
[dev-2014drupalcampcoloradoorg.pantheonsite.io/user/login694d.html]
[dev-2014drupalcampcoloradoorg.pantheonsite.io/session/scaling-you-contractor-shop-and-beyond.html]
[dev-2014drupalcampcoloradoorg.pantheonsite.io/user/logina8f9.html]
[dev-2014drupalcampcoloradoorg.pantheonsite.io/user/login617b.html]
[dev-2014drupalcampcoloradoorg.pantheonsite.io/user/login5940.html]
[dev-2014drupalcampcoloradoorg.pantheonsite.io/node/28.html]
[dev-2014drupalcampcoloradoorg.pantheonsite.io/user/login7ec5.html]
[dev-2014drupalcampcoloradoorg.pantheonsite.io/session/association-board-hows-and-whys-involvement.html]
[dev-2014drupalcampcoloradoorg.pantheonsite.io/user/login8b64.html]
[dev-2014drupalcampcoloradoorg.pantheonsite.io/user/login478d.html]
[dev-2014drupalcampcoloradoorg.pantheonsite.io/node/65.html]
[dev-2014drupalcampcoloradoorg.pantheonsite.io/user/loginc314.html]
[dev-2014drupalcampcoloradoorg.pantheonsite.io/user/login4e36.html]
[dev-2014drupalcampcoloradoorg.pantheonsite.io/node/81.html]
[dev-2014drupalcampcoloradoorg.pantheonsite.io/user/login43f3.html]
[dev-2014drupalcampcoloradoorg.pantheonsite.io/node/64.html]
[dev-2014drupalcampcoloradoorg.pantheonsite.io/user/login9e3a.html]
[dev-2014drupalcampcoloradoorg.pantheonsite.io/node/68.html]
[dev-2014drupalcampcoloradoorg.pantheonsite.io/user/login088b.html]
[dev-2014drupalcampcoloradoorg.pantheonsite.io/node/119.html]
[dev-2014drupalcampcoloradoorg.pantheonsite.io/user/logindded.html]
[dev-2014drupalcampcoloradoorg.pantheonsite.io/user/login8d19.html]
[dev-2014drupalcampcoloradoorg.pantheonsite.io/node/32.html]
[dev-2014drupalcampcoloradoorg.pantheonsite.io/user/logindc81.html]
[dev-2014drupalcampcoloradoorg.pantheonsite.io/user/loginbde0.html]
[dev-2014drupalcampcoloradoorg.pantheonsite.io/node/76.html]
[dev-2014drupalcampcoloradoorg.pantheonsite.io/user/login7261.html]
[dev-2014drupalcampcoloradoorg.pantheonsite.io/node/54.html]
[dev-2014drupalcampcoloradoorg.pantheonsite.io/user/login10a8.html]
[dev-2014drupalcampcoloradoorg.pantheonsite.io/user/login4bbc.html]
[dev-2014drupalcampcoloradoorg.pantheonsite.io/user/loginb1ca.html]
[dev-2014drupalcampcoloradoorg.pantheonsite.io/node/101.html]
[dev-2014drupalcampcoloradoorg.pantheonsite.io/user/login90fc.html]
[dev-2014drupalcampcoloradoorg.pantheonsite.io/node/58.html]
[dev-2014drupalcampcoloradoorg.pantheonsite.io/user/logincc2b.html]
[dev-2014drupalcampcoloradoorg.pantheonsite.io/user/login5cac.html]
[dev-2014drupalcampcoloradoorg.pantheonsite.io/node/80.html]
[dev-2014drupalcampcoloradoorg.pantheonsite.io/user/loginc72c.html]
[dev-2014drupalcampcoloradoorg.pantheonsite.io/node/70.html]
[dev-2014drupalcampcoloradoorg.pantheonsite.io/user/login8f28.html]
[dev-2014drupalcampcoloradoorg.pantheonsite.io/node/96.html]
[dev-2014drupalcampcoloradoorg.pantheonsite.io/user/login93f6.html]
[dev-2014drupalcampcoloradoorg.pantheonsite.io/node/29.html]
[dev-2014drupalcampcoloradoorg.pantheonsite.io/user/logine3d6.html]
[dev-2014drupalcampcoloradoorg.pantheonsite.io/node/56.html]
[dev-2014drupalcampcoloradoorg.pantheonsite.io/user/loginc2c2.html]
[dev-2014drupalcampcoloradoorg.pantheonsite.io/user/login04db.html]
[dev-2014drupalcampcoloradoorg.pantheonsite.io/user/login9d29.html]
[dev-2014drupalcampcoloradoorg.pantheonsite.io/user/loginf5f3.html]
[dev-2014drupalcampcoloradoorg.pantheonsite.io/node/61.html]
[dev-2014drupalcampcoloradoorg.pantheonsite.io/user/logina406.html]
[dev-2014drupalcampcoloradoorg.pantheonsite.io/node/120.html]
[dev-2014drupalcampcoloradoorg.pantheonsite.io/user/login286d.html]
[dev-2014drupalcampcoloradoorg.pantheonsite.io/user/login958c.html]
[dev-2014drupalcampcoloradoorg.pantheonsite.io/node/121.html]
[dev-2014drupalcampcoloradoorg.pantheonsite.io/user/logind88b.html]
[dev-2014drupalcampcoloradoorg.pantheonsite.io/user/loginfa96.html]
[dev-2014drupalcampcoloradoorg.pantheonsite.io/node/122.html]
[dev-2014drupalcampcoloradoorg.pantheonsite.io/user/loginbaf3.html]
[dev-2014drupalcampcoloradoorg.pantheonsite.io/user/logina664.html]
[dev-2014drupalcampcoloradoorg.pantheonsite.io/node/62.html]
[dev-2014drupalcampcoloradoorg.pantheonsite.io/user/loginfda4.html]
[dev-2014drupalcampcoloradoorg.pantheonsite.io/user/login0a3c.html]
[dev-2014drupalcampcoloradoorg.pantheonsite.io/node/42.html]
[dev-2014drupalcampcoloradoorg.pantheonsite.io/user/login7786.html]
[dev-2014drupalcampcoloradoorg.pantheonsite.io/node/66.html]
[dev-2014drupalcampcoloradoorg.pantheonsite.io/user/logind27a.html]
[dev-2014drupalcampcoloradoorg.pantheonsite.io/node/37.html]
[dev-2014drupalcampcoloradoorg.pantheonsite.io/user/login2e6a.html]
[dev-2014drupalcampcoloradoorg.pantheonsite.io/user/login3123.html]
[dev-2014drupalcampcoloradoorg.pantheonsite.io/node/123.html]
[dev-2014drupalcampcoloradoorg.pantheonsite.io/user/logind0ba.html]
[dev-2014drupalcampcoloradoorg.pantheonsite.io/user/login5eef.html]
[dev-2014drupalcampcoloradoorg.pantheonsite.io/node/46.html]
[dev-2014drupalcampcoloradoorg.pantheonsite.io/user/login582c.html]
[dev-2014drupalcampcoloradoorg.pantheonsite.io/user/loginfab4.html]
[dev-2014drupalcampcoloradoorg.pantheonsite.io/node/60.html]
[dev-2014drupalcampcoloradoorg.pantheonsite.io/user/loginc77a.html]
[dev-2014drupalcampcoloradoorg.pantheonsite.io/user/loginb5ee.html]
[dev-2014drupalcampcoloradoorg.pantheonsite.io/node/124.html]
[dev-2014drupalcampcoloradoorg.pantheonsite.io/user/logind479.html]
[dev-2014drupalcampcoloradoorg.pantheonsite.io/user/login111b.html]
[dev-2014drupalcampcoloradoorg.pantheonsite.io/node/125.html]
[dev-2014drupalcampcoloradoorg.pantheonsite.io/user/login48d5.html]
[dev-2014drupalcampcoloradoorg.pantheonsite.io/user/login24f8.html]
[dev-2014drupalcampcoloradoorg.pantheonsite.io/node/3.html]
[dev-2014drupalcampcoloradoorg.pantheonsite.io/user/logind2e1.html]
[dev-2014drupalcampcoloradoorg.pantheonsite.io/node/5.html]
[dev-2014drupalcampcoloradoorg.pantheonsite.io/user/login59ac.html]
[dev-2014drupalcampcoloradoorg.pantheonsite.io/node/91.html]
[dev-2014drupalcampcoloradoorg.pantheonsite.io/user/logina12d.html]
[dev-2014drupalcampcoloradoorg.pantheonsite.io/node/90.html]
[dev-2014drupalcampcoloradoorg.pantheonsite.io/user/login7e90.html]
[dev-2014drupalcampcoloradoorg.pantheonsite.io/node/40.html]
[dev-2014drupalcampcoloradoorg.pantheonsite.io/user/loginaf73.html]
[dev-2014drupalcampcoloradoorg.pantheonsite.io/node/130.html]
[dev-2014drupalcampcoloradoorg.pantheonsite.io/user/login7c2c.html]
[dev-2014drupalcampcoloradoorg.pantheonsite.io/node/131.html]
[dev-2014drupalcampcoloradoorg.pantheonsite.io/user/login7d4e.html]
[dev-2014drupalcampcoloradoorg.pantheonsite.io/node/133.html]
[dev-2014drupalcampcoloradoorg.pantheonsite.io/user/login3749.html]
[dev-2014drupalcampcoloradoorg.pantheonsite.io/node/126.html]
[dev-2014drupalcampcoloradoorg.pantheonsite.io/user/logina014.html]
[dev-2014drupalcampcoloradoorg.pantheonsite.io/node/128.html]
[dev-2014drupalcampcoloradoorg.pantheonsite.io/user/login1c16.html]
[dev-2014drupalcampcoloradoorg.pantheonsite.io/node/41.html]
[dev-2014drupalcampcoloradoorg.pantheonsite.io/user/logina576.html]
[dev-2014drupalcampcoloradoorg.pantheonsite.io/node/93.html]
[dev-2014drupalcampcoloradoorg.pantheonsite.io/user/login0329.html]
[dev-2014drupalcampcoloradoorg.pantheonsite.io/node/132.html]
[dev-2014drupalcampcoloradoorg.pantheonsite.io/user/logined37.html]
[dev-2014drupalcampcoloradoorg.pantheonsite.io/node/92.html]
[dev-2014drupalcampcoloradoorg.pantheonsite.io/user/login1ee7.html]
[dev-2014drupalcampcoloradoorg.pantheonsite.io/node/129.html]
[dev-2014drupalcampcoloradoorg.pantheonsite.io/user/logind419.html]
[dev-2014drupalcampcoloradoorg.pantheonsite.io/node/19.html]
[dev-2014drupalcampcoloradoorg.pantheonsite.io/user/login6421.html]
[dev-2014drupalcampcoloradoorg.pantheonsite.io/node/add/session.html]
[dev-2014drupalcampcoloradoorg.pantheonsite.io/taxonomy/term/32/feed]
[dev-2014drupalcampcoloradoorg.pantheonsite.io/taxonomy/term/32.html]
[dev-2014drupalcampcoloradoorg.pantheonsite.io/user/login722f.html]
[dev-2014drupalcampcoloradoorg.pantheonsite.io/taxonomy/term/33/feed]
[dev-2014drupalcampcoloradoorg.pantheonsite.io/user/login3a33.html]
[dev-2014drupalcampcoloradoorg.pantheonsite.io/taxonomy/term/33.html]
[dev-2014drupalcampcoloradoorg.pantheonsite.io/user/loginf9d0.html]
[dev-2014drupalcampcoloradoorg.pantheonsite.io/user/login9340.html]
[dev-2014drupalcampcoloradoorg.pantheonsite.io/taxonomy/term/35.html]
[dev-2014drupalcampcoloradoorg.pantheonsite.io/user/login60f5.html]
[dev-2014drupalcampcoloradoorg.pantheonsite.io/user/login88ca.html]
[dev-2014drupalcampcoloradoorg.pantheonsite.io/user/login8aad.html]
[dev-2014drupalcampcoloradoorg.pantheonsite.io/node/all-user-profiles]
[dev-2014drupalcampcoloradoorg.pantheonsite.io/node/104.html]
[dev-2014drupalcampcoloradoorg.pantheonsite.io/user/loginbadf.html]
[dev-2014drupalcampcoloradoorg.pantheonsite.io/content/all-user-profiles.html]
[dev-2014drupalcampcoloradoorg.pantheonsite.io/node/105.html]
[dev-2014drupalcampcoloradoorg.pantheonsite.io/user/loginebec.html]
[dev-2014drupalcampcoloradoorg.pantheonsite.io/user/login7b95.html]
[dev-2014drupalcampcoloradoorg.pantheonsite.io/user/login721a.html]
[dev-2014drupalcampcoloradoorg.pantheonsite.io/user/955/track.html]
[dev-2014drupalcampcoloradoorg.pantheonsite.io/users/larsdesigns-0.html]
[dev-2014drupalcampcoloradoorg.pantheonsite.io/node/51.html]
[dev-2014drupalcampcoloradoorg.pantheonsite.io/user/login8159.html]
[dev-2014drupalcampcoloradoorg.pantheonsite.io/user/loginbd93.html]
[dev-2014drupalcampcoloradoorg.pantheonsite.io/training/site-building-and-more-buildamodule-mentored-training1739.html]
[dev-2014drupalcampcoloradoorg.pantheonsite.io/training/site-building-and-more-buildamodule-mentored-training0a19.html]
[dev-2014drupalcampcoloradoorg.pantheonsite.io/training/site-building-and-more-buildamodule-mentored-traininge9e6.html]
[dev-2014drupalcampcoloradoorg.pantheonsite.io/training/site-building-and-more-buildamodule-mentored-training48be.html]
[dev-2014drupalcampcoloradoorg.pantheonsite.io/user/login9023.html]
[dev-2014drupalcampcoloradoorg.pantheonsite.io/misc/arrow-asc.png]
[dev-2014drupalcampcoloradoorg.pantheonsite.io/training/beginners-guide-d..1739.html]
[dev-2014drupalcampcoloradoorg.pantheonsite.io/training/beginners-guide-d..e9e6.html]
[dev-2014drupalcampcoloradoorg.pantheonsite.io/node/52.html]
[dev-2014drupalcampcoloradoorg.pantheonsite.io/user/login6f6f.html]
[dev-2014drupalcampcoloradoorg.pantheonsite.io/training/buildamodule-ment..1739.html]
[dev-2014drupalcampcoloradoorg.pantheonsite.io/training/buildamodule-ment..e9e6.html]
[dev-2014drupalcampcoloradoorg.pantheonsite.io/session/beginning-module-development.html]
[dev-2014drupalcampcoloradoorg.pantheonsite.io/node/100.html]
[dev-2014drupalcampcoloradoorg.pantheonsite.io/user/login6a41.html]
[dev-2014drupalcampcoloradoorg.pantheonsite.io/node/79.html]
[dev-2014drupalcampcoloradoorg.pantheonsite.io/user/logine1e4.html]
[dev-2014drupalcampcoloradoorg.pantheonsite.io/node/78.html]
[dev-2014drupalcampcoloradoorg.pantheonsite.io/user/login2068.html]
[dev-2014drupalcampcoloradoorg.pantheonsite.io/node/77.html]
[dev-2014drupalcampcoloradoorg.pantheonsite.io/user/loginb74d.html]
[dev-2014drupalcampcoloradoorg.pantheonsite.io/node/74.html]
[dev-2014drupalcampcoloradoorg.pantheonsite.io/user/login77e9.html]
[dev-2014drupalcampcoloradoorg.pantheonsite.io/node/67.html]
[dev-2014drupalcampcoloradoorg.pantheonsite.io/user/login34a4.html]
[dev-2014drupalcampcoloradoorg.pantheonsite.io/user/login9ec6.html]
[dev-2014drupalcampcoloradoorg.pantheonsite.io/node/59.html]
[dev-2014drupalcampcoloradoorg.pantheonsite.io/user/login1cca.html]
[dev-2014drupalcampcoloradoorg.pantheonsite.io/session/understanding-xhprof-pinpointing-why-your-site-slow-and-how-fix-it.html]
[dev-2014drupalcampcoloradoorg.pantheonsite.io/user/logina4d9.html]
[dev-2014drupalcampcoloradoorg.pantheonsite.io/user/logind46a.html]
[dev-2014drupalcampcoloradoorg.pantheonsite.io/node/50.html]
[dev-2014drupalcampcoloradoorg.pantheonsite.io/user/login803d.html]
[dev-2014drupalcampcoloradoorg.pantheonsite.io/session/views-awesome-or-views-terrible.html]
[dev-2014drupalcampcoloradoorg.pantheonsite.io/user/logina8e8.html]
[dev-2014drupalcampcoloradoorg.pantheonsite.io/node/48.html]
[dev-2014drupalcampcoloradoorg.pantheonsite.io/user/loginada3.html]
[dev-2014drupalcampcoloradoorg.pantheonsite.io/session/drupal-improv.html]
[dev-2014drupalcampcoloradoorg.pantheonsite.io/user/login9792.html]
[dev-2014drupalcampcoloradoorg.pantheonsite.io/node/47.html]
[dev-2014drupalcampcoloradoorg.pantheonsite.io/user/logina643.html]
[dev-2014drupalcampcoloradoorg.pantheonsite.io/session/managing-memberships-drupal.html]
[dev-2014drupalcampcoloradoorg.pantheonsite.io/user/loginacd2.html]
[dev-2014drupalcampcoloradoorg.pantheonsite.io/node/44.html]
[dev-2014drupalcampcoloradoorg.pantheonsite.io/user/loginb04b.html]
[dev-2014drupalcampcoloradoorg.pantheonsite.io/session/multilingual-site-setup-and-management.html]
[dev-2014drupalcampcoloradoorg.pantheonsite.io/user/login7d28.html]
[dev-2014drupalcampcoloradoorg.pantheonsite.io/node/43.html]
[dev-2014drupalcampcoloradoorg.pantheonsite.io/user/login9500.html]
[dev-2014drupalcampcoloradoorg.pantheonsite.io/session/text-formatting-and-input-filters.html]
[dev-2014drupalcampcoloradoorg.pantheonsite.io/user/loginb38f.html]
[dev-2014drupalcampcoloradoorg.pantheonsite.io/user/login74ec.html]
[dev-2014drupalcampcoloradoorg.pantheonsite.io/node/83.html]
[dev-2014drupalcampcoloradoorg.pantheonsite.io/user/login2a01.html]
[dev-2014drupalcampcoloradoorg.pantheonsite.io/node/69.html]
[dev-2014drupalcampcoloradoorg.pantheonsite.io/user/login06a0.html]
[dev-2014drupalcampcoloradoorg.pantheonsite.io/node/34.html]
[dev-2014drupalcampcoloradoorg.pantheonsite.io/user/loginec6b.html]
[dev-2014drupalcampcoloradoorg.pantheonsite.io/session/drop-tidal-wave-aegir-hosting-system.html]
[dev-2014drupalcampcoloradoorg.pantheonsite.io/user/logine2ae.html]
[dev-2014drupalcampcoloradoorg.pantheonsite.io/node/98.html]
[dev-2014drupalcampcoloradoorg.pantheonsite.io/user/login0465.html]
[dev-2014drupalcampcoloradoorg.pantheonsite.io/node/87.html]
[dev-2014drupalcampcoloradoorg.pantheonsite.io/user/loginb7f9.html]
[dev-2014drupalcampcoloradoorg.pantheonsite.io/node/72.html]
[dev-2014drupalcampcoloradoorg.pantheonsite.io/user/login5955.html]
[dev-2014drupalcampcoloradoorg.pantheonsite.io/node/33.html]
[dev-2014drupalcampcoloradoorg.pantheonsite.io/user/login5e88.html]
[dev-2014drupalcampcoloradoorg.pantheonsite.io/session/extending-aegir.html]
[dev-2014drupalcampcoloradoorg.pantheonsite.io/user/login28ac.html]
[dev-2014drupalcampcoloradoorg.pantheonsite.io/node/94.html]
[dev-2014drupalcampcoloradoorg.pantheonsite.io/user/login5405.html]
[dev-2014drupalcampcoloradoorg.pantheonsite.io/node/73.html]
[dev-2014drupalcampcoloradoorg.pantheonsite.io/user/loginf001.html]
[dev-2014drupalcampcoloradoorg.pantheonsite.io/node/49.html]
[dev-2014drupalcampcoloradoorg.pantheonsite.io/user/login2108.html]
[dev-2014drupalcampcoloradoorg.pantheonsite.io/node/102.html]
[dev-2014drupalcampcoloradoorg.pantheonsite.io/user/login694d.html]
[dev-2014drupalcampcoloradoorg.pantheonsite.io/node/28.html]
[dev-2014drupalcampcoloradoorg.pantheonsite.io/user/login7ec5.html]
[dev-2014drupalcampcoloradoorg.pantheonsite.io/session/attacking-drupal.html]
[dev-2014drupalcampcoloradoorg.pantheonsite.io/session/javascript-drupal-way.html]
[dev-2014drupalcampcoloradoorg.pantheonsite.io/session/bliss-and-enlightment-automated-testing-behat.html]
[dev-2014drupalcampcoloradoorg.pantheonsite.io/session/footless-drupal.html]
[dev-2014drupalcampcoloradoorg.pantheonsite.io/session/drupal-8-module-development-just-basics.html]
[dev-2014drupalcampcoloradoorg.pantheonsite.io/session/productivity-tools-developing-php-and-drupal.html]
[dev-2014drupalcampcoloradoorg.pantheonsite.io/session/git-rescued.html]
[dev-2014drupalcampcoloradoorg.pantheonsite.io/user/login722f.html]
[dev-2014drupalcampcoloradoorg.pantheonsite.io/user/login3a33.html]
[dev-2014drupalcampcoloradoorg.pantheonsite.io/node/all-user-profiles.html]
[dev-2014drupalcampcoloradoorg.pantheonsite.io/user/login721a.html]
[dev-2014drupalcampcoloradoorg.pantheonsite.io/sites/default/files/css/css_W-QZYSSMm54_qt4x4UX551DxFDsyy1GlBhbXBdpX9X0.css]
[dev-2014drupalcampcoloradoorg.pantheonsite.io/sites/default/files/js/js_a7rvSO28Abbqp7czoegzuPhfNt9TiTwukTwO8Z4cVkM.js]
[dev-2014drupalcampcoloradoorg.pantheonsite.io/user/login0cf5.html]
[dev-2014drupalcampcoloradoorg.pantheonsite.io/user/955/track.html]
[dev-2014drupalcampcoloradoorg.pantheonsite.io/training/site-building-and-more-buildamodule-mentored-training1739.html]
[dev-2014drupalcampcoloradoorg.pantheonsite.io/training/site-building-and-more-buildamodule-mentored-traininge9e6.html]
[dev-2014drupalcampcoloradoorg.pantheonsite.io/node/59.html]
[dev-2014drupalcampcoloradoorg.pantheonsite.io/user/login1cca.html]
[dev-2014drupalcampcoloradoorg.pantheonsite.io/node/50.html]
[dev-2014drupalcampcoloradoorg.pantheonsite.io/user/login803d.html]
[dev-2014drupalcampcoloradoorg.pantheonsite.io/node/48.html]
[dev-2014drupalcampcoloradoorg.pantheonsite.io/user/loginada3.html]
[dev-2014drupalcampcoloradoorg.pantheonsite.io/node/47.html]
[dev-2014drupalcampcoloradoorg.pantheonsite.io/user/logina643.html]
[dev-2014drupalcampcoloradoorg.pantheonsite.io/node/44.html]
[dev-2014drupalcampcoloradoorg.pantheonsite.io/user/loginb04b.html]
[dev-2014drupalcampcoloradoorg.pantheonsite.io/node/43.html]
[dev-2014drupalcampcoloradoorg.pantheonsite.io/user/login9500.html]
[dev-2014drupalcampcoloradoorg.pantheonsite.io/node/34.html]
[dev-2014drupalcampcoloradoorg.pantheonsite.io/user/loginec6b.html]
[dev-2014drupalcampcoloradoorg.pantheonsite.io/node/33.html]
[dev-2014drupalcampcoloradoorg.pantheonsite.io/user/login5e88.html]
[dev-2014drupalcampcoloradoorg.pantheonsite.io/session/taming-project-agile-approach.html]
[dev-2014drupalcampcoloradoorg.pantheonsite.io/sites/default/files/css/css_W-QZYSSMm54_qt4x4UX551DxFDsyy1GlBhbXBdpX9X0.css]
[dev-2014drupalcampcoloradoorg.pantheonsite.io/sites/default/files/js/js_a7rvSO28Abbqp7czoegzuPhfNt9TiTwukTwO8Z4cVkM.js]
[dev-2014drupalcampcoloradoorg.pantheonsite.io/user/login0cf5.html]
